Archive member included to satisfy reference by file (symbol)

/usr/lib/gcc/riscv64-unknown-elf/13.2.0/rv32im/ilp32/libgcc.a(_clzsi2.o)
                              /home/ycx/RISC-V-cpu/sw/programs/freertos_demo/build/rtos_tasks.o (__clzsi2)
/usr/lib/gcc/riscv64-unknown-elf/13.2.0/rv32im/ilp32/libgcc.a(_clz.o)
                              /usr/lib/gcc/riscv64-unknown-elf/13.2.0/rv32im/ilp32/libgcc.a(_clzsi2.o) (__clz_tab)

Discarded input sections

 .text          0x00000000        0x0 /home/ycx/RISC-V-cpu/sw/programs/freertos_demo/build/bsp_uart.o
 .data          0x00000000        0x0 /home/ycx/RISC-V-cpu/sw/programs/freertos_demo/build/bsp_uart.o
 .bss           0x00000000        0x0 /home/ycx/RISC-V-cpu/sw/programs/freertos_demo/build/bsp_uart.o
 .text.uart_putc
                0x00000000        0xc /home/ycx/RISC-V-cpu/sw/programs/freertos_demo/build/bsp_uart.o
 .text.uart_getc_nb
                0x00000000       0x1c /home/ycx/RISC-V-cpu/sw/programs/freertos_demo/build/bsp_uart.o
 .comment       0x00000000       0x23 /home/ycx/RISC-V-cpu/sw/programs/freertos_demo/build/bsp_uart.o
 .text          0x00000000        0x0 /home/ycx/RISC-V-cpu/sw/programs/freertos_demo/build/bsp_start.o
 .data          0x00000000        0x0 /home/ycx/RISC-V-cpu/sw/programs/freertos_demo/build/bsp_start.o
 .bss           0x00000000        0x0 /home/ycx/RISC-V-cpu/sw/programs/freertos_demo/build/bsp_start.o
 .text          0x00000000        0x0 /home/ycx/RISC-V-cpu/sw/programs/freertos_demo/build/rtos_tasks.o
 .data          0x00000000        0x0 /home/ycx/RISC-V-cpu/sw/programs/freertos_demo/build/rtos_tasks.o
 .bss           0x00000000        0x0 /home/ycx/RISC-V-cpu/sw/programs/freertos_demo/build/rtos_tasks.o
 .text.vTaskDelete
                0x00000000      0x198 /home/ycx/RISC-V-cpu/sw/programs/freertos_demo/build/rtos_tasks.o
 .text.vTaskEndScheduler
                0x00000000       0x3c /home/ycx/RISC-V-cpu/sw/programs/freertos_demo/build/rtos_tasks.o
 .text.xTaskGetTickCountFromISR
                0x00000000        0xc /home/ycx/RISC-V-cpu/sw/programs/freertos_demo/build/rtos_tasks.o
 .text.uxTaskGetNumberOfTasks
                0x00000000        0xc /home/ycx/RISC-V-cpu/sw/programs/freertos_demo/build/rtos_tasks.o
 .text.pcTaskGetName
                0x00000000       0x4c /home/ycx/RISC-V-cpu/sw/programs/freertos_demo/build/rtos_tasks.o
 .text.xTaskDelayUntil
                0x00000000       0xf4 /home/ycx/RISC-V-cpu/sw/programs/freertos_demo/build/rtos_tasks.o
 .text.xTaskCatchUpTicks
                0x00000000       0x74 /home/ycx/RISC-V-cpu/sw/programs/freertos_demo/build/rtos_tasks.o
 .text.vTaskPlaceOnUnorderedEventList
                0x00000000       0xd8 /home/ycx/RISC-V-cpu/sw/programs/freertos_demo/build/rtos_tasks.o
 .text.vTaskRemoveFromUnorderedEventList
                0x00000000      0x14c /home/ycx/RISC-V-cpu/sw/programs/freertos_demo/build/rtos_tasks.o
 .text.vTaskSetTimeOutState
                0x00000000       0x6c /home/ycx/RISC-V-cpu/sw/programs/freertos_demo/build/rtos_tasks.o
 .text.xTaskGetCurrentTaskHandle
                0x00000000        0xc /home/ycx/RISC-V-cpu/sw/programs/freertos_demo/build/rtos_tasks.o
 .text.xTaskGetCurrentTaskHandleForCore
                0x00000000       0x18 /home/ycx/RISC-V-cpu/sw/programs/freertos_demo/build/rtos_tasks.o
 .text.uxTaskResetEventItemValue
                0x00000000       0x28 /home/ycx/RISC-V-cpu/sw/programs/freertos_demo/build/rtos_tasks.o
 .text.ulTaskGenericNotifyTake
                0x00000000      0x138 /home/ycx/RISC-V-cpu/sw/programs/freertos_demo/build/rtos_tasks.o
 .text.xTaskGenericNotifyWait
                0x00000000      0x190 /home/ycx/RISC-V-cpu/sw/programs/freertos_demo/build/rtos_tasks.o
 .text.xTaskGenericNotify
                0x00000000      0x240 /home/ycx/RISC-V-cpu/sw/programs/freertos_demo/build/rtos_tasks.o
 .rodata.xTaskGenericNotify
                0x00000000       0x14 /home/ycx/RISC-V-cpu/sw/programs/freertos_demo/build/rtos_tasks.o
 .text.xTaskGenericNotifyFromISR
                0x00000000      0x264 /home/ycx/RISC-V-cpu/sw/programs/freertos_demo/build/rtos_tasks.o
 .rodata.xTaskGenericNotifyFromISR
                0x00000000       0x14 /home/ycx/RISC-V-cpu/sw/programs/freertos_demo/build/rtos_tasks.o
 .text.vTaskGenericNotifyGiveFromISR
                0x00000000      0x1a4 /home/ycx/RISC-V-cpu/sw/programs/freertos_demo/build/rtos_tasks.o
 .text.xTaskGenericNotifyStateClear
                0x00000000       0x84 /home/ycx/RISC-V-cpu/sw/programs/freertos_demo/build/rtos_tasks.o
 .text.ulTaskGenericNotifyValueClear
                0x00000000       0x90 /home/ycx/RISC-V-cpu/sw/programs/freertos_demo/build/rtos_tasks.o
 .text.vTaskResetState
                0x00000000       0x64 /home/ycx/RISC-V-cpu/sw/programs/freertos_demo/build/rtos_tasks.o
 .comment       0x00000000       0x23 /home/ycx/RISC-V-cpu/sw/programs/freertos_demo/build/rtos_tasks.o
 .text          0x00000000        0x0 /home/ycx/RISC-V-cpu/sw/programs/freertos_demo/build/rtos_queue.o
 .data          0x00000000        0x0 /home/ycx/RISC-V-cpu/sw/programs/freertos_demo/build/rtos_queue.o
 .bss           0x00000000        0x0 /home/ycx/RISC-V-cpu/sw/programs/freertos_demo/build/rtos_queue.o
 .text.prvCopyDataFromQueue
                0x00000000       0x3c /home/ycx/RISC-V-cpu/sw/programs/freertos_demo/build/rtos_queue.o
 .text.xQueueCreateCountingSemaphore
                0x00000000       0x5c /home/ycx/RISC-V-cpu/sw/programs/freertos_demo/build/rtos_queue.o
 .text.xQueueGenericSendFromISR
                0x00000000      0x154 /home/ycx/RISC-V-cpu/sw/programs/freertos_demo/build/rtos_queue.o
 .text.xQueueGiveFromISR
                0x00000000      0x11c /home/ycx/RISC-V-cpu/sw/programs/freertos_demo/build/rtos_queue.o
 .text.xQueueReceive
                0x00000000      0x23c /home/ycx/RISC-V-cpu/sw/programs/freertos_demo/build/rtos_queue.o
 .text.xQueuePeek
                0x00000000      0x234 /home/ycx/RISC-V-cpu/sw/programs/freertos_demo/build/rtos_queue.o
 .text.xQueueReceiveFromISR
                0x00000000      0x120 /home/ycx/RISC-V-cpu/sw/programs/freertos_demo/build/rtos_queue.o
 .text.xQueuePeekFromISR
                0x00000000       0xc0 /home/ycx/RISC-V-cpu/sw/programs/freertos_demo/build/rtos_queue.o
 .text.uxQueueMessagesWaiting
                0x00000000       0x54 /home/ycx/RISC-V-cpu/sw/programs/freertos_demo/build/rtos_queue.o
 .text.uxQueueSpacesAvailable
                0x00000000       0x5c /home/ycx/RISC-V-cpu/sw/programs/freertos_demo/build/rtos_queue.o
 .text.uxQueueMessagesWaitingFromISR
                0x00000000       0x40 /home/ycx/RISC-V-cpu/sw/programs/freertos_demo/build/rtos_queue.o
 .text.vQueueDelete
                0x00000000       0x44 /home/ycx/RISC-V-cpu/sw/programs/freertos_demo/build/rtos_queue.o
 .text.uxQueueGetQueueItemSize
                0x00000000        0x8 /home/ycx/RISC-V-cpu/sw/programs/freertos_demo/build/rtos_queue.o
 .text.uxQueueGetQueueLength
                0x00000000        0x8 /home/ycx/RISC-V-cpu/sw/programs/freertos_demo/build/rtos_queue.o
 .text.xQueueIsQueueEmptyFromISR
                0x00000000       0x44 /home/ycx/RISC-V-cpu/sw/programs/freertos_demo/build/rtos_queue.o
 .text.xQueueIsQueueFullFromISR
                0x00000000       0x4c /home/ycx/RISC-V-cpu/sw/programs/freertos_demo/build/rtos_queue.o
 .comment       0x00000000       0x23 /home/ycx/RISC-V-cpu/sw/programs/freertos_demo/build/rtos_queue.o
 .text          0x00000000        0x0 /home/ycx/RISC-V-cpu/sw/programs/freertos_demo/build/rtos_list.o
 .data          0x00000000        0x0 /home/ycx/RISC-V-cpu/sw/programs/freertos_demo/build/rtos_list.o
 .bss           0x00000000        0x0 /home/ycx/RISC-V-cpu/sw/programs/freertos_demo/build/rtos_list.o
 .text.vListInsertEnd
                0x00000000       0x2c /home/ycx/RISC-V-cpu/sw/programs/freertos_demo/build/rtos_list.o
 .comment       0x00000000       0x23 /home/ycx/RISC-V-cpu/sw/programs/freertos_demo/build/rtos_list.o
 .text          0x00000000        0x0 /home/ycx/RISC-V-cpu/sw/programs/freertos_demo/build/rtos_port.o
 .data          0x00000000        0x0 /home/ycx/RISC-V-cpu/sw/programs/freertos_demo/build/rtos_port.o
 .bss           0x00000000        0x0 /home/ycx/RISC-V-cpu/sw/programs/freertos_demo/build/rtos_port.o
 .text.vPortEndScheduler
                0x00000000        0x4 /home/ycx/RISC-V-cpu/sw/programs/freertos_demo/build/rtos_port.o
 .srodata.ullMachineTimerCompareRegisterBase
                0x00000000        0x4 /home/ycx/RISC-V-cpu/sw/programs/freertos_demo/build/rtos_port.o
 .comment       0x00000000       0x23 /home/ycx/RISC-V-cpu/sw/programs/freertos_demo/build/rtos_port.o
 .text          0x00000000        0x0 /home/ycx/RISC-V-cpu/sw/programs/freertos_demo/build/rtos_heap_4.o
 .data          0x00000000        0x0 /home/ycx/RISC-V-cpu/sw/programs/freertos_demo/build/rtos_heap_4.o
 .bss           0x00000000        0x0 /home/ycx/RISC-V-cpu/sw/programs/freertos_demo/build/rtos_heap_4.o
 .text.xPortGetFreeHeapSize
                0x00000000        0xc /home/ycx/RISC-V-cpu/sw/programs/freertos_demo/build/rtos_heap_4.o
 .text.xPortGetMinimumEverFreeHeapSize
                0x00000000        0xc /home/ycx/RISC-V-cpu/sw/programs/freertos_demo/build/rtos_heap_4.o
 .text.vPortInitialiseBlocks
                0x00000000        0x4 /home/ycx/RISC-V-cpu/sw/programs/freertos_demo/build/rtos_heap_4.o
 .text.pvPortCalloc
                0x00000000       0x5c /home/ycx/RISC-V-cpu/sw/programs/freertos_demo/build/rtos_heap_4.o
 .text.vPortGetHeapStats
                0x00000000       0xf0 /home/ycx/RISC-V-cpu/sw/programs/freertos_demo/build/rtos_heap_4.o
 .text.vPortHeapResetState
                0x00000000       0x2c /home/ycx/RISC-V-cpu/sw/programs/freertos_demo/build/rtos_heap_4.o
 .comment       0x00000000       0x23 /home/ycx/RISC-V-cpu/sw/programs/freertos_demo/build/rtos_heap_4.o
 .data          0x00000000        0x0 /home/ycx/RISC-V-cpu/sw/programs/freertos_demo/build/rtos_portASM.o
 .bss           0x00000000        0x0 /home/ycx/RISC-V-cpu/sw/programs/freertos_demo/build/rtos_portASM.o
 .text.freertos_risc_v_exception_handler
                0x00000000      0x20c /home/ycx/RISC-V-cpu/sw/programs/freertos_demo/build/rtos_portASM.o
 .text.freertos_risc_v_interrupt_handler
                0x00000000      0x154 /home/ycx/RISC-V-cpu/sw/programs/freertos_demo/build/rtos_portASM.o
 .text.freertos_risc_v_mtimer_interrupt_handler
                0x00000000      0x1a4 /home/ycx/RISC-V-cpu/sw/programs/freertos_demo/build/rtos_portASM.o
 .text          0x00000000        0x0 /home/ycx/RISC-V-cpu/sw/programs/freertos_demo/build/app_main.o
 .data          0x00000000        0x0 /home/ycx/RISC-V-cpu/sw/programs/freertos_demo/build/app_main.o
 .bss           0x00000000        0x0 /home/ycx/RISC-V-cpu/sw/programs/freertos_demo/build/app_main.o
 .comment       0x00000000       0x23 /home/ycx/RISC-V-cpu/sw/programs/freertos_demo/build/app_main.o
 .text          0x00000000        0x0 /home/ycx/RISC-V-cpu/sw/programs/freertos_demo/build/app_newlib_stubs.o
 .data          0x00000000        0x0 /home/ycx/RISC-V-cpu/sw/programs/freertos_demo/build/app_newlib_stubs.o
 .bss           0x00000000        0x0 /home/ycx/RISC-V-cpu/sw/programs/freertos_demo/build/app_newlib_stubs.o
 .text.memmove  0x00000000       0x54 /home/ycx/RISC-V-cpu/sw/programs/freertos_demo/build/app_newlib_stubs.o
 .text.memcmp   0x00000000       0x30 /home/ycx/RISC-V-cpu/sw/programs/freertos_demo/build/app_newlib_stubs.o
 .text.strlen   0x00000000       0x1c /home/ycx/RISC-V-cpu/sw/programs/freertos_demo/build/app_newlib_stubs.o
 .comment       0x00000000       0x23 /home/ycx/RISC-V-cpu/sw/programs/freertos_demo/build/app_newlib_stubs.o
 .data          0x00000000        0x0 /usr/lib/gcc/riscv64-unknown-elf/13.2.0/rv32im/ilp32/libgcc.a(_clzsi2.o)
 .bss           0x00000000        0x0 /usr/lib/gcc/riscv64-unknown-elf/13.2.0/rv32im/ilp32/libgcc.a(_clzsi2.o)
 .comment       0x00000000       0x23 /usr/lib/gcc/riscv64-unknown-elf/13.2.0/rv32im/ilp32/libgcc.a(_clzsi2.o)
 .text          0x00000000        0x0 /usr/lib/gcc/riscv64-unknown-elf/13.2.0/rv32im/ilp32/libgcc.a(_clz.o)
 .data          0x00000000        0x0 /usr/lib/gcc/riscv64-unknown-elf/13.2.0/rv32im/ilp32/libgcc.a(_clz.o)
 .bss           0x00000000        0x0 /usr/lib/gcc/riscv64-unknown-elf/13.2.0/rv32im/ilp32/libgcc.a(_clz.o)
 .comment       0x00000000       0x23 /usr/lib/gcc/riscv64-unknown-elf/13.2.0/rv32im/ilp32/libgcc.a(_clz.o)

Memory Configuration

Name             Origin             Length             Attributes
rom              0x00000000         0x00010000         axrl!w
ram              0x20000000         0x00040000         aw!xrl
*default*        0x00000000         0xffffffff

Linker script and memory map

LOAD /home/ycx/RISC-V-cpu/sw/programs/freertos_demo/build/bsp_uart.o
LOAD /home/ycx/RISC-V-cpu/sw/programs/freertos_demo/build/bsp_start.o
LOAD /home/ycx/RISC-V-cpu/sw/programs/freertos_demo/build/rtos_tasks.o
LOAD /home/ycx/RISC-V-cpu/sw/programs/freertos_demo/build/rtos_queue.o
LOAD /home/ycx/RISC-V-cpu/sw/programs/freertos_demo/build/rtos_list.o
LOAD /home/ycx/RISC-V-cpu/sw/programs/freertos_demo/build/rtos_port.o
LOAD /home/ycx/RISC-V-cpu/sw/programs/freertos_demo/build/rtos_heap_4.o
LOAD /home/ycx/RISC-V-cpu/sw/programs/freertos_demo/build/rtos_portASM.o
LOAD /home/ycx/RISC-V-cpu/sw/programs/freertos_demo/build/app_main.o
LOAD /home/ycx/RISC-V-cpu/sw/programs/freertos_demo/build/app_newlib_stubs.o
LOAD /usr/lib/gcc/riscv64-unknown-elf/13.2.0/rv32im/ilp32/libgcc.a
                0x00008000                        PROVIDE (__stack_size = 0x8000)

.init           0x00000000       0x68
 *(SORT_NONE(.init))
 .init          0x00000000       0x68 /home/ycx/RISC-V-cpu/sw/programs/freertos_demo/build/bsp_start.o
                0x00000000                _start

.text           0x00000100     0x2840
 *(.text.trap)
 *(.text .text.*)
 .text.put_uint
                0x00000100       0xbc /home/ycx/RISC-V-cpu/sw/programs/freertos_demo/build/bsp_uart.o
 .text.uart_puts
                0x000001bc       0x1c /home/ycx/RISC-V-cpu/sw/programs/freertos_demo/build/bsp_uart.o
                0x000001bc                uart_puts
 .text.uart_printf
                0x000001d8      0x238 /home/ycx/RISC-V-cpu/sw/programs/freertos_demo/build/bsp_uart.o
                0x000001d8                uart_printf
 .text.prvResetNextTaskUnblockTime
                0x00000410       0x2c /home/ycx/RISC-V-cpu/sw/programs/freertos_demo/build/rtos_tasks.o
 .text.prvAddCurrentTaskToDelayedList.isra.0
                0x0000043c       0xd0 /home/ycx/RISC-V-cpu/sw/programs/freertos_demo/build/rtos_tasks.o
 .text.prvCheckTasksWaitingTermination
                0x0000050c       0xac /home/ycx/RISC-V-cpu/sw/programs/freertos_demo/build/rtos_tasks.o
 .text.prvIdleTask
                0x000005b8       0x28 /home/ycx/RISC-V-cpu/sw/programs/freertos_demo/build/rtos_tasks.o
 .text.xTaskCreate
                0x000005e0      0x288 /home/ycx/RISC-V-cpu/sw/programs/freertos_demo/build/rtos_tasks.o
                0x000005e0                xTaskCreate
 .text.vTaskStartScheduler
                0x00000868       0xa0 /home/ycx/RISC-V-cpu/sw/programs/freertos_demo/build/rtos_tasks.o
                0x00000868                vTaskStartScheduler
 .text.vTaskSuspendAll
                0x00000908       0x14 /home/ycx/RISC-V-cpu/sw/programs/freertos_demo/build/rtos_tasks.o
                0x00000908                vTaskSuspendAll
 .text.xTaskGetTickCount
                0x0000091c        0x8 /home/ycx/RISC-V-cpu/sw/programs/freertos_demo/build/rtos_tasks.o
                0x0000091c                xTaskGetTickCount
 .text.xTaskIncrementTick
                0x00000924      0x1dc /home/ycx/RISC-V-cpu/sw/programs/freertos_demo/build/rtos_tasks.o
                0x00000924                xTaskIncrementTick
 .text.xTaskResumeAll
                0x00000b00      0x1cc /home/ycx/RISC-V-cpu/sw/programs/freertos_demo/build/rtos_tasks.o
                0x00000b00                xTaskResumeAll
 .text.vTaskDelay
                0x00000ccc       0x68 /home/ycx/RISC-V-cpu/sw/programs/freertos_demo/build/rtos_tasks.o
                0x00000ccc                vTaskDelay
 .text.vTaskSwitchContext
                0x00000d34       0xc8 /home/ycx/RISC-V-cpu/sw/programs/freertos_demo/build/rtos_tasks.o
                0x00000d34                vTaskSwitchContext
 .text.vTaskPlaceOnEventList
                0x00000dfc       0x58 /home/ycx/RISC-V-cpu/sw/programs/freertos_demo/build/rtos_tasks.o
                0x00000dfc                vTaskPlaceOnEventList
 .text.xTaskRemoveFromEventList
                0x00000e54      0x13c /home/ycx/RISC-V-cpu/sw/programs/freertos_demo/build/rtos_tasks.o
                0x00000e54                xTaskRemoveFromEventList
 .text.vTaskInternalSetTimeOutState
                0x00000f90       0x14 /home/ycx/RISC-V-cpu/sw/programs/freertos_demo/build/rtos_tasks.o
                0x00000f90                vTaskInternalSetTimeOutState
 .text.xTaskCheckForTimeOut
                0x00000fa4       0xd4 /home/ycx/RISC-V-cpu/sw/programs/freertos_demo/build/rtos_tasks.o
                0x00000fa4                xTaskCheckForTimeOut
 .text.vTaskMissedYield
                0x00001078        0xc /home/ycx/RISC-V-cpu/sw/programs/freertos_demo/build/rtos_tasks.o
                0x00001078                vTaskMissedYield
 .text.xTaskGetSchedulerState
                0x00001084       0x20 /home/ycx/RISC-V-cpu/sw/programs/freertos_demo/build/rtos_tasks.o
                0x00001084                xTaskGetSchedulerState
 .text.xTaskPriorityInherit
                0x000010a4      0x134 /home/ycx/RISC-V-cpu/sw/programs/freertos_demo/build/rtos_tasks.o
                0x000010a4                xTaskPriorityInherit
 .text.xTaskPriorityDisinherit
                0x000011d8      0x120 /home/ycx/RISC-V-cpu/sw/programs/freertos_demo/build/rtos_tasks.o
                0x000011d8                xTaskPriorityDisinherit
 .text.vTaskPriorityDisinheritAfterTimeout
                0x000012f8      0x140 /home/ycx/RISC-V-cpu/sw/programs/freertos_demo/build/rtos_tasks.o
                0x000012f8                vTaskPriorityDisinheritAfterTimeout
 .text.pvTaskIncrementMutexHeldCount
                0x00001438       0x18 /home/ycx/RISC-V-cpu/sw/programs/freertos_demo/build/rtos_tasks.o
                0x00001438                pvTaskIncrementMutexHeldCount
 .text.prvIsQueueEmpty
                0x00001450       0x20 /home/ycx/RISC-V-cpu/sw/programs/freertos_demo/build/rtos_queue.o
 .text.prvCopyDataToQueue
                0x00001470       0xdc /home/ycx/RISC-V-cpu/sw/programs/freertos_demo/build/rtos_queue.o
 .text.prvUnlockQueue
                0x0000154c      0x114 /home/ycx/RISC-V-cpu/sw/programs/freertos_demo/build/rtos_queue.o
 .text.xQueueGenericReset
                0x00001660      0x100 /home/ycx/RISC-V-cpu/sw/programs/freertos_demo/build/rtos_queue.o
                0x00001660                xQueueGenericReset
 .text.xQueueGenericCreate
                0x00001760       0x9c /home/ycx/RISC-V-cpu/sw/programs/freertos_demo/build/rtos_queue.o
                0x00001760                xQueueGenericCreate
 .text.xQueueGenericSend
                0x000017fc      0x230 /home/ycx/RISC-V-cpu/sw/programs/freertos_demo/build/rtos_queue.o
                0x000017fc                xQueueGenericSend
 .text.xQueueCreateMutex
                0x00001a2c       0x54 /home/ycx/RISC-V-cpu/sw/programs/freertos_demo/build/rtos_queue.o
                0x00001a2c                xQueueCreateMutex
 .text.xQueueSemaphoreTake
                0x00001a80      0x268 /home/ycx/RISC-V-cpu/sw/programs/freertos_demo/build/rtos_queue.o
                0x00001a80                xQueueSemaphoreTake
 .text.vListInitialise
                0x00001ce8       0x20 /home/ycx/RISC-V-cpu/sw/programs/freertos_demo/build/rtos_list.o
                0x00001ce8                vListInitialise
 .text.vListInitialiseItem
                0x00001d08        0x8 /home/ycx/RISC-V-cpu/sw/programs/freertos_demo/build/rtos_list.o
                0x00001d08                vListInitialiseItem
 .text.vListInsert
                0x00001d10       0x50 /home/ycx/RISC-V-cpu/sw/programs/freertos_demo/build/rtos_list.o
                0x00001d10                vListInsert
 .text.uxListRemove
                0x00001d60       0x34 /home/ycx/RISC-V-cpu/sw/programs/freertos_demo/build/rtos_list.o
                0x00001d60                uxListRemove
 .text.vPortSetupTimerInterrupt
                0x00001d94       0x84 /home/ycx/RISC-V-cpu/sw/programs/freertos_demo/build/rtos_port.o
                0x00001d94                vPortSetupTimerInterrupt
 .text.xPortStartScheduler
                0x00001e18       0x44 /home/ycx/RISC-V-cpu/sw/programs/freertos_demo/build/rtos_port.o
                0x00001e18                xPortStartScheduler
 .text.pvPortMalloc
                0x00001e5c      0x274 /home/ycx/RISC-V-cpu/sw/programs/freertos_demo/build/rtos_heap_4.o
                0x00001e5c                pvPortMalloc
 .text.vPortFree
                0x000020d0      0x180 /home/ycx/RISC-V-cpu/sw/programs/freertos_demo/build/rtos_heap_4.o
                0x000020d0                vPortFree
 .text          0x00002250      0x118 /home/ycx/RISC-V-cpu/sw/programs/freertos_demo/build/rtos_portASM.o
                0x00002250                pxPortInitialiseStack
                0x000022ac                xPortStartFirstTask
 *fill*         0x00002368       0x98 
 .text.freertos_risc_v_trap_handler
                0x00002400      0x1e4 /home/ycx/RISC-V-cpu/sw/programs/freertos_demo/build/rtos_portASM.o
                0x00002400                freertos_risc_v_trap_handler
 .text.uart_lock
                0x000025e4       0x14 /home/ycx/RISC-V-cpu/sw/programs/freertos_demo/build/app_main.o
 .text.uart_unlock
                0x000025f8       0x1c /home/ycx/RISC-V-cpu/sw/programs/freertos_demo/build/app_main.o
 .text.watchdog_task
                0x00002614       0x60 /home/ycx/RISC-V-cpu/sw/programs/freertos_demo/build/app_main.o
 .text.worker_task
                0x00002674       0x8c /home/ycx/RISC-V-cpu/sw/programs/freertos_demo/build/app_main.o
 .text.vApplicationMallocFailedHook
                0x00002700       0x18 /home/ycx/RISC-V-cpu/sw/programs/freertos_demo/build/app_main.o
                0x00002700                vApplicationMallocFailedHook
 .text.vAssertCalled
                0x00002718       0x3c /home/ycx/RISC-V-cpu/sw/programs/freertos_demo/build/app_main.o
                0x00002718                vAssertCalled
 .text.startup.main
                0x00002754      0x110 /home/ycx/RISC-V-cpu/sw/programs/freertos_demo/build/app_main.o
                0x00002754                main
 .text.freertos_risc_v_application_exception_handler
                0x00002864       0x24 /home/ycx/RISC-V-cpu/sw/programs/freertos_demo/build/app_main.o
                0x00002864                freertos_risc_v_application_exception_handler
 .text.freertos_risc_v_application_interrupt_handler
                0x00002888       0x28 /home/ycx/RISC-V-cpu/sw/programs/freertos_demo/build/app_main.o
                0x00002888                freertos_risc_v_application_interrupt_handler
 .text.memset   0x000028b0       0x20 /home/ycx/RISC-V-cpu/sw/programs/freertos_demo/build/app_newlib_stubs.o
                0x000028b0                memset
 .text.memcpy   0x000028d0       0x24 /home/ycx/RISC-V-cpu/sw/programs/freertos_demo/build/app_newlib_stubs.o
                0x000028d0                memcpy
 .text          0x000028f4       0x4c /usr/lib/gcc/riscv64-unknown-elf/13.2.0/rv32im/ilp32/libgcc.a(_clzsi2.o)
                0x000028f4                __clzsi2
                0x00002940                        . = ALIGN (0x4)

.rodata         0x00002940      0x390
 *(.rodata .rodata.*)
 .rodata.uart_printf.str1.4
                0x00002940      0x25c /home/ycx/RISC-V-cpu/sw/programs/freertos_demo/build/bsp_uart.o
                                  0xb (size before relaxing)
 .rodata.digits_lower.0
                0x00002b9c       0x11 /home/ycx/RISC-V-cpu/sw/programs/freertos_demo/build/bsp_uart.o
 *fill*         0x00002bad        0x3 
 .rodata.digits_upper.1
                0x00002bb0       0x11 /home/ycx/RISC-V-cpu/sw/programs/freertos_demo/build/bsp_uart.o
 .rodata.xTaskCreate.str1.4
                0x00002bc1       0x30 /home/ycx/RISC-V-cpu/sw/programs/freertos_demo/build/rtos_tasks.o
 .rodata.vTaskStartScheduler.str1.4
                0x00002bc1        0x5 /home/ycx/RISC-V-cpu/sw/programs/freertos_demo/build/rtos_tasks.o
 .rodata.xQueueGenericReset.str1.4
                0x00002bc1       0x30 /home/ycx/RISC-V-cpu/sw/programs/freertos_demo/build/rtos_queue.o
 .rodata.pvPortMalloc.str1.4
                0x00002bc1       0x42 /home/ycx/RISC-V-cpu/sw/programs/freertos_demo/build/rtos_heap_4.o
 .rodata.watchdog_task.str1.4
                0x00002bc1       0x3e /home/ycx/RISC-V-cpu/sw/programs/freertos_demo/build/app_main.o
 .rodata.worker_task.str1.4
                0x00002bc1       0x2b /home/ycx/RISC-V-cpu/sw/programs/freertos_demo/build/app_main.o
 .rodata.vApplicationMallocFailedHook.str1.4
                0x00002bc1       0x1a /home/ycx/RISC-V-cpu/sw/programs/freertos_demo/build/app_main.o
 .rodata.vAssertCalled.str1.4
                0x00002bc1       0x19 /home/ycx/RISC-V-cpu/sw/programs/freertos_demo/build/app_main.o
 .rodata.main.str1.4
                0x00002bc1       0x89 /home/ycx/RISC-V-cpu/sw/programs/freertos_demo/build/app_main.o
 .rodata.freertos_risc_v_application_exception_handler.str1.4
                0x00002bc1       0x31 /home/ycx/RISC-V-cpu/sw/programs/freertos_demo/build/app_main.o
 .rodata.freertos_risc_v_application_interrupt_handler.str1.4
                0x00002bc1       0x3c /home/ycx/RISC-V-cpu/sw/programs/freertos_demo/build/app_main.o
 *fill*         0x00002bc1        0x3 
 .rodata        0x00002bc4      0x100 /usr/lib/gcc/riscv64-unknown-elf/13.2.0/rv32im/ilp32/libgcc.a(_clz.o)
                0x00002bc4                __clz_tab
 *(.srodata .srodata.*)
 .srodata.uxTopUsedPriority
                0x00002cc4        0x4 /home/ycx/RISC-V-cpu/sw/programs/freertos_demo/build/rtos_tasks.o
 .srodata.uxTimerIncrementsForOneTick
                0x00002cc8        0x4 /home/ycx/RISC-V-cpu/sw/programs/freertos_demo/build/rtos_port.o
                0x00002cc8                uxTimerIncrementsForOneTick
 .srodata.xISRStackTop
                0x00002ccc        0x4 /home/ycx/RISC-V-cpu/sw/programs/freertos_demo/build/rtos_port.o
                0x00002ccc                xISRStackTop

.rela.dyn       0x00002cd0        0x0
 .rela.init     0x00002cd0        0x0 /home/ycx/RISC-V-cpu/sw/programs/freertos_demo/build/bsp_uart.o
                0x00002cd0                        . = ALIGN (0x4)
                [!provide]                        PROVIDE (__etext = .)
                [!provide]                        PROVIDE (_etext = .)

.preinit_array  0x00002cd0        0x0
                [!provide]                        PROVIDE (__preinit_array_start = .)
 *(.preinit_array)
                [!provide]                        PROVIDE (__preinit_array_end = .)

.init_array     0x00002cd0        0x0
                [!provide]                        PROVIDE (__init_array_start = .)
 *(SORT_BY_INIT_PRIORITY(.init_array.*) SORT_BY_INIT_PRIORITY(.ctors.*))
 *(.init_array .ctors)
                [!provide]                        PROVIDE (__init_array_end = .)

.fini_array     0x00002cd0        0x0
                [!provide]                        PROVIDE (__fini_array_start = .)
 *(SORT_BY_INIT_PRIORITY(.fini_array.*) SORT_BY_INIT_PRIORITY(.dtors.*))
 *(.fini_array .dtors)
                [!provide]                        PROVIDE (__fini_array_end = .)
                0x00002cd0                        . = ALIGN (0x4)
                0x00002cd0                        PROVIDE (_data_lma = LOADADDR (.data))

.data           0x20000000        0xc load address 0x00002cd0
                0x20000000                        PROVIDE (_data = .)
 *(.data .data.*)
 *(.sdata .sdata.*)
 .sdata.pxCriticalNesting
                0x20000000        0x4 /home/ycx/RISC-V-cpu/sw/programs/freertos_demo/build/rtos_port.o
                0x20000000                pxCriticalNesting
 .sdata.xCriticalNesting
                0x20000004        0x4 /home/ycx/RISC-V-cpu/sw/programs/freertos_demo/build/rtos_port.o
                0x20000004                xCriticalNesting
 .sdata.pullNextTime
                0x20000008        0x4 /home/ycx/RISC-V-cpu/sw/programs/freertos_demo/build/rtos_port.o
                0x20000008                pullNextTime
                0x2000000c                        . = ALIGN (0x4)
                0x2000080c                        PROVIDE (__global_pointer$ = (. + 0x800))
                0x2000000c                        PROVIDE (_edata = .)
                [!provide]                        PROVIDE (edata = .)

.bss            0x20000010     0x8930
                0x20000010                        PROVIDE (_fbss = .)
                [!provide]                        PROVIDE (__bss_start = .)
 *(.sbss .sbss.*)
 .sbss.uxSchedulerSuspended
                0x20000010        0x4 /home/ycx/RISC-V-cpu/sw/programs/freertos_demo/build/rtos_tasks.o
 .sbss.xIdleTaskHandles
                0x20000014        0x4 /home/ycx/RISC-V-cpu/sw/programs/freertos_demo/build/rtos_tasks.o
 .sbss.xNextTaskUnblockTime
                0x20000018        0x4 /home/ycx/RISC-V-cpu/sw/programs/freertos_demo/build/rtos_tasks.o
 .sbss.uxTaskNumber
                0x2000001c        0x4 /home/ycx/RISC-V-cpu/sw/programs/freertos_demo/build/rtos_tasks.o
 .sbss.xNumOfOverflows
                0x20000020        0x4 /home/ycx/RISC-V-cpu/sw/programs/freertos_demo/build/rtos_tasks.o
 .sbss.xYieldPendings
                0x20000024        0x4 /home/ycx/RISC-V-cpu/sw/programs/freertos_demo/build/rtos_tasks.o
 .sbss.xPendedTicks
                0x20000028        0x4 /home/ycx/RISC-V-cpu/sw/programs/freertos_demo/build/rtos_tasks.o
 .sbss.xSchedulerRunning
                0x2000002c        0x4 /home/ycx/RISC-V-cpu/sw/programs/freertos_demo/build/rtos_tasks.o
 .sbss.uxTopReadyPriority
                0x20000030        0x4 /home/ycx/RISC-V-cpu/sw/programs/freertos_demo/build/rtos_tasks.o
 .sbss.xTickCount
                0x20000034        0x4 /home/ycx/RISC-V-cpu/sw/programs/freertos_demo/build/rtos_tasks.o
 .sbss.uxCurrentNumberOfTasks
                0x20000038        0x4 /home/ycx/RISC-V-cpu/sw/programs/freertos_demo/build/rtos_tasks.o
 .sbss.uxDeletedTasksWaitingCleanUp
                0x2000003c        0x4 /home/ycx/RISC-V-cpu/sw/programs/freertos_demo/build/rtos_tasks.o
 .sbss.pxOverflowDelayedTaskList
                0x20000040        0x4 /home/ycx/RISC-V-cpu/sw/programs/freertos_demo/build/rtos_tasks.o
 .sbss.pxDelayedTaskList
                0x20000044        0x4 /home/ycx/RISC-V-cpu/sw/programs/freertos_demo/build/rtos_tasks.o
 .sbss.pxCurrentTCB
                0x20000048        0x4 /home/ycx/RISC-V-cpu/sw/programs/freertos_demo/build/rtos_tasks.o
                0x20000048                pxCurrentTCB
 .sbss.xTaskReturnAddress
                0x2000004c        0x4 /home/ycx/RISC-V-cpu/sw/programs/freertos_demo/build/rtos_port.o
                0x2000004c                xTaskReturnAddress
 .sbss.pullMachineTimerCompareRegister
                0x20000050        0x4 /home/ycx/RISC-V-cpu/sw/programs/freertos_demo/build/rtos_port.o
                0x20000050                pullMachineTimerCompareRegister
 *fill*         0x20000054        0x4 
 .sbss.ullNextTime
                0x20000058        0x8 /home/ycx/RISC-V-cpu/sw/programs/freertos_demo/build/rtos_port.o
                0x20000058                ullNextTime
 .sbss.xNumberOfSuccessfulFrees
                0x20000060        0x4 /home/ycx/RISC-V-cpu/sw/programs/freertos_demo/build/rtos_heap_4.o
 .sbss.xNumberOfSuccessfulAllocations
                0x20000064        0x4 /home/ycx/RISC-V-cpu/sw/programs/freertos_demo/build/rtos_heap_4.o
 .sbss.xMinimumEverFreeBytesRemaining
                0x20000068        0x4 /home/ycx/RISC-V-cpu/sw/programs/freertos_demo/build/rtos_heap_4.o
 .sbss.xFreeBytesRemaining
                0x2000006c        0x4 /home/ycx/RISC-V-cpu/sw/programs/freertos_demo/build/rtos_heap_4.o
 .sbss.pxEnd    0x20000070        0x4 /home/ycx/RISC-V-cpu/sw/programs/freertos_demo/build/rtos_heap_4.o
 .sbss.xStart   0x20000074        0x8 /home/ycx/RISC-V-cpu/sw/programs/freertos_demo/build/rtos_heap_4.o
 .sbss.task_done
                0x2000007c        0x2 /home/ycx/RISC-V-cpu/sw/programs/freertos_demo/build/app_main.o
 *fill*         0x2000007e        0x2 
 .sbss.uart_mutex
                0x20000080        0x4 /home/ycx/RISC-V-cpu/sw/programs/freertos_demo/build/app_main.o
 *(.bss .bss.*)
 .bss.xTasksWaitingTermination
                0x20000084       0x14 /home/ycx/RISC-V-cpu/sw/programs/freertos_demo/build/rtos_tasks.o
 .bss.xPendingReadyList
                0x20000098       0x14 /home/ycx/RISC-V-cpu/sw/programs/freertos_demo/build/rtos_tasks.o
 .bss.xDelayedTaskList2
                0x200000ac       0x14 /home/ycx/RISC-V-cpu/sw/programs/freertos_demo/build/rtos_tasks.o
 .bss.xDelayedTaskList1
                0x200000c0       0x14 /home/ycx/RISC-V-cpu/sw/programs/freertos_demo/build/rtos_tasks.o
 .bss.pxReadyTasksLists
                0x200000d4       0x64 /home/ycx/RISC-V-cpu/sw/programs/freertos_demo/build/rtos_tasks.o
 *fill*         0x20000138        0x8 
 .bss.xISRStack
                0x20000140      0x800 /home/ycx/RISC-V-cpu/sw/programs/freertos_demo/build/rtos_port.o
 .bss.ucHeap    0x20000940     0x8000 /home/ycx/RISC-V-cpu/sw/programs/freertos_demo/build/rtos_heap_4.o
 *(COMMON)
                0x20008940                        . = ALIGN (0x4)
                0x20008940                        PROVIDE (_end = .)
                [!provide]                        PROVIDE (end = .)

.stack          0x20038000     0x8000
                [!provide]                        PROVIDE (__stack_bottom = .)
                0x20040000                        . = (. + __stack_size)
 *fill*         0x20038000     0x8000 
                0x20040000                        PROVIDE (__stack_top = .)
                [!provide]                        PROVIDE (__heap_start = _end)
                [!provide]                        PROVIDE (__heap_end = __stack_bottom)

/DISCARD/
 *(.note.*)
 *(.comment)
 *(.eh_frame)
OUTPUT(freertos_demo elf32-littleriscv)

.riscv.attributes
                0x00000000       0x43
 .riscv.attributes
                0x00000000       0x3f /home/ycx/RISC-V-cpu/sw/programs/freertos_demo/build/bsp_uart.o
 .riscv.attributes
                0x0000003f       0x3d /home/ycx/RISC-V-cpu/sw/programs/freertos_demo/build/bsp_start.o
 .riscv.attributes
                0x0000007c       0x43 /home/ycx/RISC-V-cpu/sw/programs/freertos_demo/build/rtos_tasks.o
 .riscv.attributes
                0x000000bf       0x43 /home/ycx/RISC-V-cpu/sw/programs/freertos_demo/build/rtos_queue.o
 .riscv.attributes
                0x00000102       0x3f /home/ycx/RISC-V-cpu/sw/programs/freertos_demo/build/rtos_list.o
 .riscv.attributes
                0x00000141       0x43 /home/ycx/RISC-V-cpu/sw/programs/freertos_demo/build/rtos_port.o
 .riscv.attributes
                0x00000184       0x43 /home/ycx/RISC-V-cpu/sw/programs/freertos_demo/build/rtos_heap_4.o
 .riscv.attributes
                0x000001c7       0x41 /home/ycx/RISC-V-cpu/sw/programs/freertos_demo/build/rtos_portASM.o
 .riscv.attributes
                0x00000208       0x43 /home/ycx/RISC-V-cpu/sw/programs/freertos_demo/build/app_main.o
 .riscv.attributes
                0x0000024b       0x3f /home/ycx/RISC-V-cpu/sw/programs/freertos_demo/build/app_newlib_stubs.o
 .riscv.attributes
                0x0000028a       0x2a /usr/lib/gcc/riscv64-unknown-elf/13.2.0/rv32im/ilp32/libgcc.a(_clzsi2.o)
 .riscv.attributes
                0x000002b4       0x2a /usr/lib/gcc/riscv64-unknown-elf/13.2.0/rv32im/ilp32/libgcc.a(_clz.o)

.debug_info     0x00000000     0x5d0e
 .debug_info    0x00000000      0x58b /home/ycx/RISC-V-cpu/sw/programs/freertos_demo/build/bsp_uart.o
 .debug_info    0x0000058b       0x31 /home/ycx/RISC-V-cpu/sw/programs/freertos_demo/build/bsp_start.o
 .debug_info    0x000005bc     0x2290 /home/ycx/RISC-V-cpu/sw/programs/freertos_demo/build/rtos_tasks.o
 .debug_info    0x0000284c     0x1ac8 /home/ycx/RISC-V-cpu/sw/programs/freertos_demo/build/rtos_queue.o
 .debug_info    0x00004314      0x2a2 /home/ycx/RISC-V-cpu/sw/programs/freertos_demo/build/rtos_list.o
 .debug_info    0x000045b6      0x2df /home/ycx/RISC-V-cpu/sw/programs/freertos_demo/build/rtos_port.o
 .debug_info    0x00004895      0x6d7 /home/ycx/RISC-V-cpu/sw/programs/freertos_demo/build/rtos_heap_4.o
 .debug_info    0x00004f6c       0x23 /home/ycx/RISC-V-cpu/sw/programs/freertos_demo/build/rtos_portASM.o
 .debug_info    0x00004f8f      0x921 /home/ycx/RISC-V-cpu/sw/programs/freertos_demo/build/app_main.o
 .debug_info    0x000058b0      0x244 /home/ycx/RISC-V-cpu/sw/programs/freertos_demo/build/app_newlib_stubs.o
 .debug_info    0x00005af4      0x142 /usr/lib/gcc/riscv64-unknown-elf/13.2.0/rv32im/ilp32/libgcc.a(_clzsi2.o)
 .debug_info    0x00005c36       0xd8 /usr/lib/gcc/riscv64-unknown-elf/13.2.0/rv32im/ilp32/libgcc.a(_clz.o)

.debug_abbrev   0x00000000     0x1474
 .debug_abbrev  0x00000000      0x237 /home/ycx/RISC-V-cpu/sw/programs/freertos_demo/build/bsp_uart.o
 .debug_abbrev  0x00000237       0x28 /home/ycx/RISC-V-cpu/sw/programs/freertos_demo/build/bsp_start.o
 .debug_abbrev  0x0000025f      0x440 /home/ycx/RISC-V-cpu/sw/programs/freertos_demo/build/rtos_tasks.o
 .debug_abbrev  0x0000069f      0x325 /home/ycx/RISC-V-cpu/sw/programs/freertos_demo/build/rtos_queue.o
 .debug_abbrev  0x000009c4      0x10f /home/ycx/RISC-V-cpu/sw/programs/freertos_demo/build/rtos_list.o
 .debug_abbrev  0x00000ad3      0x18b /home/ycx/RISC-V-cpu/sw/programs/freertos_demo/build/rtos_port.o
 .debug_abbrev  0x00000c5e      0x2d6 /home/ycx/RISC-V-cpu/sw/programs/freertos_demo/build/rtos_heap_4.o
 .debug_abbrev  0x00000f34       0x12 /home/ycx/RISC-V-cpu/sw/programs/freertos_demo/build/rtos_portASM.o
 .debug_abbrev  0x00000f46      0x31e /home/ycx/RISC-V-cpu/sw/programs/freertos_demo/build/app_main.o
 .debug_abbrev  0x00001264       0xd6 /home/ycx/RISC-V-cpu/sw/programs/freertos_demo/build/app_newlib_stubs.o
 .debug_abbrev  0x0000133a       0xca /usr/lib/gcc/riscv64-unknown-elf/13.2.0/rv32im/ilp32/libgcc.a(_clzsi2.o)
 .debug_abbrev  0x00001404       0x70 /usr/lib/gcc/riscv64-unknown-elf/13.2.0/rv32im/ilp32/libgcc.a(_clz.o)

.debug_loclists
                0x00000000     0x298c
 .debug_loclists
                0x00000000      0x32b /home/ycx/RISC-V-cpu/sw/programs/freertos_demo/build/bsp_uart.o
 .debug_loclists
                0x0000032b     0x1178 /home/ycx/RISC-V-cpu/sw/programs/freertos_demo/build/rtos_tasks.o
 .debug_loclists
                0x000014a3      0xd23 /home/ycx/RISC-V-cpu/sw/programs/freertos_demo/build/rtos_queue.o
 .debug_loclists
                0x000021c6       0x51 /home/ycx/RISC-V-cpu/sw/programs/freertos_demo/build/rtos_list.o
 .debug_loclists
                0x00002217       0x20 /home/ycx/RISC-V-cpu/sw/programs/freertos_demo/build/rtos_port.o
 .debug_loclists
                0x00002237      0x329 /home/ycx/RISC-V-cpu/sw/programs/freertos_demo/build/rtos_heap_4.o
 .debug_loclists
                0x00002560      0x137 /home/ycx/RISC-V-cpu/sw/programs/freertos_demo/build/app_main.o
 .debug_loclists
                0x00002697      0x2b1 /home/ycx/RISC-V-cpu/sw/programs/freertos_demo/build/app_newlib_stubs.o
 .debug_loclists
                0x00002948       0x44 /usr/lib/gcc/riscv64-unknown-elf/13.2.0/rv32im/ilp32/libgcc.a(_clzsi2.o)

.debug_aranges  0x00000000      0x488
 .debug_aranges
                0x00000000       0x40 /home/ycx/RISC-V-cpu/sw/programs/freertos_demo/build/bsp_uart.o
 .debug_aranges
                0x00000040       0x20 /home/ycx/RISC-V-cpu/sw/programs/freertos_demo/build/bsp_start.o
 .debug_aranges
                0x00000060      0x170 /home/ycx/RISC-V-cpu/sw/programs/freertos_demo/build/rtos_tasks.o
 .debug_aranges
                0x000001d0       0xd8 /home/ycx/RISC-V-cpu/sw/programs/freertos_demo/build/rtos_queue.o
 .debug_aranges
                0x000002a8       0x40 /home/ycx/RISC-V-cpu/sw/programs/freertos_demo/build/rtos_list.o
 .debug_aranges
                0x000002e8       0x30 /home/ycx/RISC-V-cpu/sw/programs/freertos_demo/build/rtos_port.o
 .debug_aranges
                0x00000318       0x58 /home/ycx/RISC-V-cpu/sw/programs/freertos_demo/build/rtos_heap_4.o
 .debug_aranges
                0x00000370       0x40 /home/ycx/RISC-V-cpu/sw/programs/freertos_demo/build/rtos_portASM.o
 .debug_aranges
                0x000003b0       0x60 /home/ycx/RISC-V-cpu/sw/programs/freertos_demo/build/app_main.o
 .debug_aranges
                0x00000410       0x40 /home/ycx/RISC-V-cpu/sw/programs/freertos_demo/build/app_newlib_stubs.o
 .debug_aranges
                0x00000450       0x20 /usr/lib/gcc/riscv64-unknown-elf/13.2.0/rv32im/ilp32/libgcc.a(_clzsi2.o)
 .debug_aranges
                0x00000470       0x18 /usr/lib/gcc/riscv64-unknown-elf/13.2.0/rv32im/ilp32/libgcc.a(_clz.o)

.debug_rnglists
                0x00000000      0x67a
 .debug_rnglists
                0x00000000       0x93 /home/ycx/RISC-V-cpu/sw/programs/freertos_demo/build/bsp_uart.o
 .debug_rnglists
                0x00000093      0x2f0 /home/ycx/RISC-V-cpu/sw/programs/freertos_demo/build/rtos_tasks.o
 .debug_rnglists
                0x00000383      0x172 /home/ycx/RISC-V-cpu/sw/programs/freertos_demo/build/rtos_queue.o
 .debug_rnglists
                0x000004f5       0x2b /home/ycx/RISC-V-cpu/sw/programs/freertos_demo/build/rtos_list.o
 .debug_rnglists
                0x00000520       0x20 /home/ycx/RISC-V-cpu/sw/programs/freertos_demo/build/rtos_port.o
 .debug_rnglists
                0x00000540       0x4e /home/ycx/RISC-V-cpu/sw/programs/freertos_demo/build/rtos_heap_4.o
 .debug_rnglists
                0x0000058e       0x30 /home/ycx/RISC-V-cpu/sw/programs/freertos_demo/build/rtos_portASM.o
 .debug_rnglists
                0x000005be       0x7b /home/ycx/RISC-V-cpu/sw/programs/freertos_demo/build/app_main.o
 .debug_rnglists
                0x00000639       0x2b /home/ycx/RISC-V-cpu/sw/programs/freertos_demo/build/app_newlib_stubs.o
 .debug_rnglists
                0x00000664       0x16 /usr/lib/gcc/riscv64-unknown-elf/13.2.0/rv32im/ilp32/libgcc.a(_clzsi2.o)

.debug_line     0x00000000     0x8c44
 .debug_line    0x00000000      0x689 /home/ycx/RISC-V-cpu/sw/programs/freertos_demo/build/bsp_uart.o
 .debug_line    0x00000689       0xb6 /home/ycx/RISC-V-cpu/sw/programs/freertos_demo/build/bsp_start.o
 .debug_line    0x0000073f     0x3d49 /home/ycx/RISC-V-cpu/sw/programs/freertos_demo/build/rtos_tasks.o
 .debug_line    0x00004488     0x26b6 /home/ycx/RISC-V-cpu/sw/programs/freertos_demo/build/rtos_queue.o
 .debug_line    0x00006b3e      0x43b /home/ycx/RISC-V-cpu/sw/programs/freertos_demo/build/rtos_list.o
 .debug_line    0x00006f79      0x244 /home/ycx/RISC-V-cpu/sw/programs/freertos_demo/build/rtos_port.o
 .debug_line    0x000071bd      0xc57 /home/ycx/RISC-V-cpu/sw/programs/freertos_demo/build/rtos_heap_4.o
 .debug_line    0x00007e14      0x31d /home/ycx/RISC-V-cpu/sw/programs/freertos_demo/build/rtos_portASM.o
 .debug_line    0x00008131      0x6a9 /home/ycx/RISC-V-cpu/sw/programs/freertos_demo/build/app_main.o
 .debug_line    0x000087da      0x34c /home/ycx/RISC-V-cpu/sw/programs/freertos_demo/build/app_newlib_stubs.o
 .debug_line    0x00008b26       0xdf /usr/lib/gcc/riscv64-unknown-elf/13.2.0/rv32im/ilp32/libgcc.a(_clzsi2.o)
 .debug_line    0x00008c05       0x3f /usr/lib/gcc/riscv64-unknown-elf/13.2.0/rv32im/ilp32/libgcc.a(_clz.o)

.debug_str      0x00000000     0x1aa3
 .debug_str     0x00000000     0x1aa3 /home/ycx/RISC-V-cpu/sw/programs/freertos_demo/build/bsp_uart.o
                                0x27d (size before relaxing)
 .debug_str     0x00001aa3       0x6a /home/ycx/RISC-V-cpu/sw/programs/freertos_demo/build/bsp_start.o
 .debug_str     0x00001aa3      0xe7a /home/ycx/RISC-V-cpu/sw/programs/freertos_demo/build/rtos_tasks.o
 .debug_str     0x00001aa3      0x96f /home/ycx/RISC-V-cpu/sw/programs/freertos_demo/build/rtos_queue.o
 .debug_str     0x00001aa3      0x2ae /home/ycx/RISC-V-cpu/sw/programs/freertos_demo/build/rtos_list.o
 .debug_str     0x00001aa3      0x320 /home/ycx/RISC-V-cpu/sw/programs/freertos_demo/build/rtos_port.o
 .debug_str     0x00001aa3      0x4f9 /home/ycx/RISC-V-cpu/sw/programs/freertos_demo/build/rtos_heap_4.o
 .debug_str     0x00001aa3       0x81 /home/ycx/RISC-V-cpu/sw/programs/freertos_demo/build/rtos_portASM.o
 .debug_str     0x00001aa3      0x436 /home/ycx/RISC-V-cpu/sw/programs/freertos_demo/build/app_main.o
 .debug_str     0x00001aa3      0x186 /home/ycx/RISC-V-cpu/sw/programs/freertos_demo/build/app_newlib_stubs.o
 .debug_str     0x00001aa3      0x1a8 /usr/lib/gcc/riscv64-unknown-elf/13.2.0/rv32im/ilp32/libgcc.a(_clzsi2.o)
 .debug_str     0x00001aa3      0x18b /usr/lib/gcc/riscv64-unknown-elf/13.2.0/rv32im/ilp32/libgcc.a(_clz.o)

.debug_line_str
                0x00000000      0x52c
 .debug_line_str
                0x00000000      0x52c /home/ycx/RISC-V-cpu/sw/programs/freertos_demo/build/bsp_uart.o
                                0x19d (size before relaxing)
 .debug_line_str
                0x0000052c       0x57 /home/ycx/RISC-V-cpu/sw/programs/freertos_demo/build/bsp_start.o
 .debug_line_str
                0x0000052c      0x266 /home/ycx/RISC-V-cpu/sw/programs/freertos_demo/build/rtos_tasks.o
 .debug_line_str
                0x0000052c      0x263 /home/ycx/RISC-V-cpu/sw/programs/freertos_demo/build/rtos_queue.o
 .debug_line_str
                0x0000052c      0x1c5 /home/ycx/RISC-V-cpu/sw/programs/freertos_demo/build/rtos_list.o
 .debug_line_str
                0x0000052c      0x1ea /home/ycx/RISC-V-cpu/sw/programs/freertos_demo/build/rtos_port.o
 .debug_line_str
                0x0000052c      0x279 /home/ycx/RISC-V-cpu/sw/programs/freertos_demo/build/rtos_heap_4.o
 .debug_line_str
                0x0000052c       0x75 /home/ycx/RISC-V-cpu/sw/programs/freertos_demo/build/rtos_portASM.o
 .debug_line_str
                0x0000052c      0x22b /home/ycx/RISC-V-cpu/sw/programs/freertos_demo/build/app_main.o
 .debug_line_str
                0x0000052c      0x122 /home/ycx/RISC-V-cpu/sw/programs/freertos_demo/build/app_newlib_stubs.o
 .debug_line_str
                0x0000052c      0x148 /usr/lib/gcc/riscv64-unknown-elf/13.2.0/rv32im/ilp32/libgcc.a(_clzsi2.o)
 .debug_line_str
                0x0000052c      0x148 /usr/lib/gcc/riscv64-unknown-elf/13.2.0/rv32im/ilp32/libgcc.a(_clz.o)

.debug_frame    0x00000000      0xda4
 .debug_frame   0x00000000       0x98 /home/ycx/RISC-V-cpu/sw/programs/freertos_demo/build/bsp_uart.o
 .debug_frame   0x00000098      0x628 /home/ycx/RISC-V-cpu/sw/programs/freertos_demo/build/rtos_tasks.o
 .debug_frame   0x000006c0      0x3a0 /home/ycx/RISC-V-cpu/sw/programs/freertos_demo/build/rtos_queue.o
 .debug_frame   0x00000a60       0x60 /home/ycx/RISC-V-cpu/sw/programs/freertos_demo/build/rtos_list.o
 .debug_frame   0x00000ac0       0x54 /home/ycx/RISC-V-cpu/sw/programs/freertos_demo/build/rtos_port.o
 .debug_frame   0x00000b14      0x124 /home/ycx/RISC-V-cpu/sw/programs/freertos_demo/build/rtos_heap_4.o
 .debug_frame   0x00000c38       0xec /home/ycx/RISC-V-cpu/sw/programs/freertos_demo/build/app_main.o
 .debug_frame   0x00000d24       0x60 /home/ycx/RISC-V-cpu/sw/programs/freertos_demo/build/app_newlib_stubs.o
 .debug_frame   0x00000d84       0x20 /usr/lib/gcc/riscv64-unknown-elf/13.2.0/rv32im/ilp32/libgcc.a(_clzsi2.o)
