
Discarded input sections

 .text          0x00000000        0x0 /home/ycx/RISC-V-cpu/sw/programs/os_demo/build/app_main.o
 .data          0x00000000        0x0 /home/ycx/RISC-V-cpu/sw/programs/os_demo/build/app_main.o
 .bss           0x00000000        0x0 /home/ycx/RISC-V-cpu/sw/programs/os_demo/build/app_main.o
 .comment       0x00000000       0x23 /home/ycx/RISC-V-cpu/sw/programs/os_demo/build/app_main.o
 .text          0x00000000        0x0 /home/ycx/RISC-V-cpu/sw/programs/os_demo/build/app_sched.o
 .data          0x00000000        0x0 /home/ycx/RISC-V-cpu/sw/programs/os_demo/build/app_sched.o
 .bss           0x00000000        0x0 /home/ycx/RISC-V-cpu/sw/programs/os_demo/build/app_sched.o
 .comment       0x00000000       0x23 /home/ycx/RISC-V-cpu/sw/programs/os_demo/build/app_sched.o
 .data          0x00000000        0x0 /home/ycx/RISC-V-cpu/sw/programs/os_demo/build/app_switch.o
 .bss           0x00000000        0x0 /home/ycx/RISC-V-cpu/sw/programs/os_demo/build/app_switch.o
 .text          0x00000000        0x0 /home/ycx/RISC-V-cpu/sw/programs/os_demo/build/bsp_trap.o
 .data          0x00000000        0x0 /home/ycx/RISC-V-cpu/sw/programs/os_demo/build/bsp_trap.o
 .bss           0x00000000        0x0 /home/ycx/RISC-V-cpu/sw/programs/os_demo/build/bsp_trap.o
 .text.bsp_set_soft_handler
                0x00000000        0xc /home/ycx/RISC-V-cpu/sw/programs/os_demo/build/bsp_trap.o
 .text.bsp_set_exception_handler
                0x00000000       0x20 /home/ycx/RISC-V-cpu/sw/programs/os_demo/build/bsp_trap.o
 .text.bsp_set_irq_handler
                0x00000000       0x20 /home/ycx/RISC-V-cpu/sw/programs/os_demo/build/bsp_trap.o
 .text.bsp_enable_external_interrupt
                0x00000000       0x10 /home/ycx/RISC-V-cpu/sw/programs/os_demo/build/bsp_trap.o
 .text.bsp_enable_software_interrupt
                0x00000000        0xc /home/ycx/RISC-V-cpu/sw/programs/os_demo/build/bsp_trap.o
 .comment       0x00000000       0x23 /home/ycx/RISC-V-cpu/sw/programs/os_demo/build/bsp_trap.o
 .text          0x00000000        0x0 /home/ycx/RISC-V-cpu/sw/programs/os_demo/build/bsp_uart.o
 .data          0x00000000        0x0 /home/ycx/RISC-V-cpu/sw/programs/os_demo/build/bsp_uart.o
 .bss           0x00000000        0x0 /home/ycx/RISC-V-cpu/sw/programs/os_demo/build/bsp_uart.o
 .text.uart_putc
                0x00000000        0xc /home/ycx/RISC-V-cpu/sw/programs/os_demo/build/bsp_uart.o
 .text.uart_getc_nb
                0x00000000       0x1c /home/ycx/RISC-V-cpu/sw/programs/os_demo/build/bsp_uart.o
 .comment       0x00000000       0x23 /home/ycx/RISC-V-cpu/sw/programs/os_demo/build/bsp_uart.o
 .text          0x00000000        0x0 /home/ycx/RISC-V-cpu/sw/programs/os_demo/build/bsp_start.o
 .data          0x00000000        0x0 /home/ycx/RISC-V-cpu/sw/programs/os_demo/build/bsp_start.o
 .bss           0x00000000        0x0 /home/ycx/RISC-V-cpu/sw/programs/os_demo/build/bsp_start.o
 .text          0x00000000        0x0 /home/ycx/RISC-V-cpu/sw/programs/os_demo/build/bsp_trap_entry.o
 .data          0x00000000        0x0 /home/ycx/RISC-V-cpu/sw/programs/os_demo/build/bsp_trap_entry.o
 .bss           0x00000000        0x0 /home/ycx/RISC-V-cpu/sw/programs/os_demo/build/bsp_trap_entry.o

Memory Configuration

Name             Origin             Length             Attributes
rom              0x00000000         0x00010000         axrl!w
ram              0x20000000         0x00040000         aw!xrl
*default*        0x00000000         0xffffffff

Linker script and memory map

LOAD /home/ycx/RISC-V-cpu/sw/programs/os_demo/build/app_main.o
LOAD /home/ycx/RISC-V-cpu/sw/programs/os_demo/build/app_sched.o
LOAD /home/ycx/RISC-V-cpu/sw/programs/os_demo/build/app_switch.o
LOAD /home/ycx/RISC-V-cpu/sw/programs/os_demo/build/bsp_trap.o
LOAD /home/ycx/RISC-V-cpu/sw/programs/os_demo/build/bsp_uart.o
LOAD /home/ycx/RISC-V-cpu/sw/programs/os_demo/build/bsp_start.o
LOAD /home/ycx/RISC-V-cpu/sw/programs/os_demo/build/bsp_trap_entry.o
                0x00008000                        PROVIDE (__stack_size = 0x8000)

.init           0x00000000       0x68
 *(SORT_NONE(.init))
 .init          0x00000000       0x68 /home/ycx/RISC-V-cpu/sw/programs/os_demo/build/bsp_start.o
                0x00000000                _start

.text           0x00000070      0x970
 *(.text.trap)
 .text.trap     0x00000070      0x140 /home/ycx/RISC-V-cpu/sw/programs/os_demo/build/bsp_trap_entry.o
                0x00000070                bsp_trap_entry
 *(.text .text.*)
 .text.task1    0x000001b0       0x5c /home/ycx/RISC-V-cpu/sw/programs/os_demo/build/app_main.o
 .text.task0    0x0000020c       0x58 /home/ycx/RISC-V-cpu/sw/programs/os_demo/build/app_main.o
 .text.clint_schedule_relative.constprop.0.isra.0
                0x00000264       0x50 /home/ycx/RISC-V-cpu/sw/programs/os_demo/build/app_main.o
 .text.timer_tick
                0x000002b4       0x14 /home/ycx/RISC-V-cpu/sw/programs/os_demo/build/app_main.o
 .text.startup.main
                0x000002c8       0xac /home/ycx/RISC-V-cpu/sw/programs/os_demo/build/app_main.o
                0x000002c8                main
 .text.sched_init
                0x00000374       0x14 /home/ycx/RISC-V-cpu/sw/programs/os_demo/build/app_sched.o
                0x00000374                sched_init
 .text.task_create
                0x00000388       0x70 /home/ycx/RISC-V-cpu/sw/programs/os_demo/build/app_sched.o
                0x00000388                task_create
 .text.task_yield
                0x000003f8       0x44 /home/ycx/RISC-V-cpu/sw/programs/os_demo/build/app_sched.o
                0x000003f8                task_yield
 .text          0x0000043c       0x74 /home/ycx/RISC-V-cpu/sw/programs/os_demo/build/app_switch.o
                0x0000043c                sched_switch
 .text.default_banner
                0x000004b0       0x4c /home/ycx/RISC-V-cpu/sw/programs/os_demo/build/bsp_trap.o
 .text.default_exception
                0x000004fc       0x14 /home/ycx/RISC-V-cpu/sw/programs/os_demo/build/bsp_trap.o
 .text.default_soft
                0x00000510       0x1c /home/ycx/RISC-V-cpu/sw/programs/os_demo/build/bsp_trap.o
 .text.default_timer
                0x0000052c       0x28 /home/ycx/RISC-V-cpu/sw/programs/os_demo/build/bsp_trap.o
 .text.bsp_set_timer_handler
                0x00000554        0x8 /home/ycx/RISC-V-cpu/sw/programs/os_demo/build/bsp_trap.o
                0x00000554                bsp_set_timer_handler
 .text.bsp_irq_enable
                0x0000055c        0xc /home/ycx/RISC-V-cpu/sw/programs/os_demo/build/bsp_trap.o
                0x0000055c                bsp_irq_enable
 .text.bsp_irq_disable
                0x00000568        0xc /home/ycx/RISC-V-cpu/sw/programs/os_demo/build/bsp_trap.o
                0x00000568                bsp_irq_disable
 .text.bsp_enable_timer_interrupt
                0x00000574        0xc /home/ycx/RISC-V-cpu/sw/programs/os_demo/build/bsp_trap.o
                0x00000574                bsp_enable_timer_interrupt
 .text.bsp_trap_dispatch
                0x00000580      0x100 /home/ycx/RISC-V-cpu/sw/programs/os_demo/build/bsp_trap.o
                0x00000580                bsp_trap_dispatch
 .text.bsp_init
                0x00000680       0x50 /home/ycx/RISC-V-cpu/sw/programs/os_demo/build/bsp_trap.o
                0x00000680                bsp_init
 .text.put_uint
                0x000006d0       0xbc /home/ycx/RISC-V-cpu/sw/programs/os_demo/build/bsp_uart.o
 .text.uart_puts
                0x0000078c       0x1c /home/ycx/RISC-V-cpu/sw/programs/os_demo/build/bsp_uart.o
                0x0000078c                uart_puts
 .text.uart_printf
                0x000007a8      0x238 /home/ycx/RISC-V-cpu/sw/programs/os_demo/build/bsp_uart.o
                0x000007a8                uart_printf
                0x000009e0                        . = ALIGN (0x4)

.rodata         0x000009e0      0x189
 *(.rodata .rodata.*)
 .rodata.task1.str1.4
                0x000009e0      0x163 /home/ycx/RISC-V-cpu/sw/programs/os_demo/build/app_main.o
                                 0x19 (size before relaxing)
 .rodata.task0.str1.4
                0x00000b43       0x19 /home/ycx/RISC-V-cpu/sw/programs/os_demo/build/app_main.o
 .rodata.main.str1.4
                0x00000b43       0x66 /home/ycx/RISC-V-cpu/sw/programs/os_demo/build/app_main.o
 .rodata.default_banner.str1.4
                0x00000b43       0x54 /home/ycx/RISC-V-cpu/sw/programs/os_demo/build/bsp_trap.o
 .rodata.default_exception.str1.4
                0x00000b43        0xa /home/ycx/RISC-V-cpu/sw/programs/os_demo/build/bsp_trap.o
 .rodata.default_soft.str1.4
                0x00000b43        0xe /home/ycx/RISC-V-cpu/sw/programs/os_demo/build/bsp_trap.o
 .rodata.default_timer.str1.4
                0x00000b43        0xe /home/ycx/RISC-V-cpu/sw/programs/os_demo/build/bsp_trap.o
 .rodata.bsp_trap_dispatch.str1.4
                0x00000b43       0x38 /home/ycx/RISC-V-cpu/sw/programs/os_demo/build/bsp_trap.o
 .rodata.uart_printf.str1.4
                0x00000b43        0xb /home/ycx/RISC-V-cpu/sw/programs/os_demo/build/bsp_uart.o
 *fill*         0x00000b43        0x1 
 .rodata.digits_lower.0
                0x00000b44       0x11 /home/ycx/RISC-V-cpu/sw/programs/os_demo/build/bsp_uart.o
 *fill*         0x00000b55        0x3 
 .rodata.digits_upper.1
                0x00000b58       0x11 /home/ycx/RISC-V-cpu/sw/programs/os_demo/build/bsp_uart.o
 *(.srodata .srodata.*)

.rela.dyn       0x00000b6c        0x0
 .rela.init     0x00000b6c        0x0 /home/ycx/RISC-V-cpu/sw/programs/os_demo/build/app_main.o
                0x00000b6c                        . = ALIGN (0x4)
                [!provide]                        PROVIDE (__etext = .)
                [!provide]                        PROVIDE (_etext = .)

.preinit_array  0x00000b69        0x0
                [!provide]                        PROVIDE (__preinit_array_start = .)
 *(.preinit_array)
                [!provide]                        PROVIDE (__preinit_array_end = .)

.init_array     0x00000b69        0x0
                [!provide]                        PROVIDE (__init_array_start = .)
 *(SORT_BY_INIT_PRIORITY(.init_array.*) SORT_BY_INIT_PRIORITY(.ctors.*))
 *(.init_array .ctors)
                [!provide]                        PROVIDE (__init_array_end = .)

.fini_array     0x00000b69        0x0
                [!provide]                        PROVIDE (__fini_array_start = .)
 *(SORT_BY_INIT_PRIORITY(.fini_array.*) SORT_BY_INIT_PRIORITY(.dtors.*))
 *(.fini_array .dtors)
                [!provide]                        PROVIDE (__fini_array_end = .)
                0x00000b6c                        . = ALIGN (0x4)
                0x00000b6c                        PROVIDE (_data_lma = LOADADDR (.data))

.data           0x20000000        0x4 load address 0x00000b6c
                0x20000000                        PROVIDE (_data = .)
 *(.data .data.*)
 *(.sdata .sdata.*)
 .sdata.cur_task
                0x20000000        0x4 /home/ycx/RISC-V-cpu/sw/programs/os_demo/build/app_sched.o
                0x20000004                        . = ALIGN (0x4)
                0x20000804                        PROVIDE (__global_pointer$ = (. + 0x800))
                0x20000004                        PROVIDE (_edata = .)
                [!provide]                        PROVIDE (edata = .)

.bss            0x20000010     0x2150
                0x20000010                        PROVIDE (_fbss = .)
                [!provide]                        PROVIDE (__bss_start = .)
 *(.sbss .sbss.*)
 .sbss.task_done
                0x20000010        0x2 /home/ycx/RISC-V-cpu/sw/programs/os_demo/build/app_main.o
 *fill*         0x20000012        0x2 
 .sbss.timer_count
                0x20000014        0x4 /home/ycx/RISC-V-cpu/sw/programs/os_demo/build/app_main.o
 .sbss.ntasks   0x20000018        0x4 /home/ycx/RISC-V-cpu/sw/programs/os_demo/build/app_sched.o
 .sbss.soft_handler
                0x2000001c        0x4 /home/ycx/RISC-V-cpu/sw/programs/os_demo/build/bsp_trap.o
 .sbss.timer_handler
                0x20000020        0x4 /home/ycx/RISC-V-cpu/sw/programs/os_demo/build/bsp_trap.o
 *(.bss .bss.*)
 *fill*         0x20000024        0xc 
 .bss.stacks    0x20000030     0x2000 /home/ycx/RISC-V-cpu/sw/programs/os_demo/build/app_sched.o
 .bss.tasks     0x20002030       0xe0 /home/ycx/RISC-V-cpu/sw/programs/os_demo/build/app_sched.o
 .bss.irq_handlers
                0x20002110       0x20 /home/ycx/RISC-V-cpu/sw/programs/os_demo/build/bsp_trap.o
 .bss.exc_handlers
                0x20002130       0x30 /home/ycx/RISC-V-cpu/sw/programs/os_demo/build/bsp_trap.o
 *(COMMON)
                0x20002160                        . = ALIGN (0x4)
                0x20002160                        PROVIDE (_end = .)
                [!provide]                        PROVIDE (end = .)

.stack          0x20038000     0x8000
                [!provide]                        PROVIDE (__stack_bottom = .)
                0x20040000                        . = (. + __stack_size)
 *fill*         0x20038000     0x8000 
                0x20040000                        PROVIDE (__stack_top = .)
                [!provide]                        PROVIDE (__heap_start = _end)
                [!provide]                        PROVIDE (__heap_end = __stack_bottom)

/DISCARD/
 *(.note.*)
 *(.comment)
 *(.eh_frame)
OUTPUT(os_demo elf32-littleriscv)

.riscv.attributes
                0x00000000       0x43
 .riscv.attributes
                0x00000000       0x43 /home/ycx/RISC-V-cpu/sw/programs/os_demo/build/app_main.o
 .riscv.attributes
                0x00000043       0x3f /home/ycx/RISC-V-cpu/sw/programs/os_demo/build/app_sched.o
 .riscv.attributes
                0x00000082       0x3d /home/ycx/RISC-V-cpu/sw/programs/os_demo/build/app_switch.o
 .riscv.attributes
                0x000000bf       0x43 /home/ycx/RISC-V-cpu/sw/programs/os_demo/build/bsp_trap.o
 .riscv.attributes
                0x00000102       0x3f /home/ycx/RISC-V-cpu/sw/programs/os_demo/build/bsp_uart.o
 .riscv.attributes
                0x00000141       0x3d /home/ycx/RISC-V-cpu/sw/programs/os_demo/build/bsp_start.o
 .riscv.attributes
                0x0000017e       0x41 /home/ycx/RISC-V-cpu/sw/programs/os_demo/build/bsp_trap_entry.o

.debug_info     0x00000000     0x1667
 .debug_info    0x00000000      0x5b1 /home/ycx/RISC-V-cpu/sw/programs/os_demo/build/app_main.o
 .debug_info    0x000005b1      0x26d /home/ycx/RISC-V-cpu/sw/programs/os_demo/build/app_sched.o
 .debug_info    0x0000081e       0x31 /home/ycx/RISC-V-cpu/sw/programs/os_demo/build/app_switch.o
 .debug_info    0x0000084f      0x865 /home/ycx/RISC-V-cpu/sw/programs/os_demo/build/bsp_trap.o
 .debug_info    0x000010b4      0x54f /home/ycx/RISC-V-cpu/sw/programs/os_demo/build/bsp_uart.o
 .debug_info    0x00001603       0x31 /home/ycx/RISC-V-cpu/sw/programs/os_demo/build/bsp_start.o
 .debug_info    0x00001634       0x33 /home/ycx/RISC-V-cpu/sw/programs/os_demo/build/bsp_trap_entry.o

.debug_abbrev   0x00000000      0x97d
 .debug_abbrev  0x00000000      0x278 /home/ycx/RISC-V-cpu/sw/programs/os_demo/build/app_main.o
 .debug_abbrev  0x00000278      0x168 /home/ycx/RISC-V-cpu/sw/programs/os_demo/build/app_sched.o
 .debug_abbrev  0x000003e0       0x28 /home/ycx/RISC-V-cpu/sw/programs/os_demo/build/app_switch.o
 .debug_abbrev  0x00000408      0x2ee /home/ycx/RISC-V-cpu/sw/programs/os_demo/build/bsp_trap.o
 .debug_abbrev  0x000006f6      0x237 /home/ycx/RISC-V-cpu/sw/programs/os_demo/build/bsp_uart.o
 .debug_abbrev  0x0000092d       0x28 /home/ycx/RISC-V-cpu/sw/programs/os_demo/build/bsp_start.o
 .debug_abbrev  0x00000955       0x28 /home/ycx/RISC-V-cpu/sw/programs/os_demo/build/bsp_trap_entry.o

.debug_loclists
                0x00000000      0x7da
 .debug_loclists
                0x00000000       0xfa /home/ycx/RISC-V-cpu/sw/programs/os_demo/build/app_main.o
 .debug_loclists
                0x000000fa       0x60 /home/ycx/RISC-V-cpu/sw/programs/os_demo/build/app_sched.o
 .debug_loclists
                0x0000015a      0x355 /home/ycx/RISC-V-cpu/sw/programs/os_demo/build/bsp_trap.o
 .debug_loclists
                0x000004af      0x32b /home/ycx/RISC-V-cpu/sw/programs/os_demo/build/bsp_uart.o

.debug_aranges  0x00000000      0x1a0
 .debug_aranges
                0x00000000       0x40 /home/ycx/RISC-V-cpu/sw/programs/os_demo/build/app_main.o
 .debug_aranges
                0x00000040       0x30 /home/ycx/RISC-V-cpu/sw/programs/os_demo/build/app_sched.o
 .debug_aranges
                0x00000070       0x20 /home/ycx/RISC-V-cpu/sw/programs/os_demo/build/app_switch.o
 .debug_aranges
                0x00000090       0x90 /home/ycx/RISC-V-cpu/sw/programs/os_demo/build/bsp_trap.o
 .debug_aranges
                0x00000120       0x40 /home/ycx/RISC-V-cpu/sw/programs/os_demo/build/bsp_uart.o
 .debug_aranges
                0x00000160       0x20 /home/ycx/RISC-V-cpu/sw/programs/os_demo/build/bsp_start.o
 .debug_aranges
                0x00000180       0x20 /home/ycx/RISC-V-cpu/sw/programs/os_demo/build/bsp_trap_entry.o

.debug_rnglists
                0x00000000      0x1dd
 .debug_rnglists
                0x00000000       0x62 /home/ycx/RISC-V-cpu/sw/programs/os_demo/build/app_main.o
 .debug_rnglists
                0x00000062       0x2b /home/ycx/RISC-V-cpu/sw/programs/os_demo/build/app_sched.o
 .debug_rnglists
                0x0000008d       0xbd /home/ycx/RISC-V-cpu/sw/programs/os_demo/build/bsp_trap.o
 .debug_rnglists
                0x0000014a       0x93 /home/ycx/RISC-V-cpu/sw/programs/os_demo/build/bsp_uart.o

.debug_line     0x00000000     0x178b
 .debug_line    0x00000000      0x45c /home/ycx/RISC-V-cpu/sw/programs/os_demo/build/app_main.o
 .debug_line    0x0000045c      0x215 /home/ycx/RISC-V-cpu/sw/programs/os_demo/build/app_sched.o
 .debug_line    0x00000671       0xf2 /home/ycx/RISC-V-cpu/sw/programs/os_demo/build/app_switch.o
 .debug_line    0x00000763      0x6d2 /home/ycx/RISC-V-cpu/sw/programs/os_demo/build/bsp_trap.o
 .debug_line    0x00000e35      0x67c /home/ycx/RISC-V-cpu/sw/programs/os_demo/build/bsp_uart.o
 .debug_line    0x000014b1       0xb6 /home/ycx/RISC-V-cpu/sw/programs/os_demo/build/bsp_start.o
 .debug_line    0x00001567      0x224 /home/ycx/RISC-V-cpu/sw/programs/os_demo/build/bsp_trap_entry.o

.debug_str      0x00000000      0x562
 .debug_str     0x00000000      0x562 /home/ycx/RISC-V-cpu/sw/programs/os_demo/build/app_main.o
                                0x2c5 (size before relaxing)
 .debug_str     0x00000562      0x1b4 /home/ycx/RISC-V-cpu/sw/programs/os_demo/build/app_sched.o
 .debug_str     0x00000562       0x74 /home/ycx/RISC-V-cpu/sw/programs/os_demo/build/app_switch.o
 .debug_str     0x00000562      0x383 /home/ycx/RISC-V-cpu/sw/programs/os_demo/build/bsp_trap.o
 .debug_str     0x00000562      0x231 /home/ycx/RISC-V-cpu/sw/programs/os_demo/build/bsp_uart.o
 .debug_str     0x00000562       0x64 /home/ycx/RISC-V-cpu/sw/programs/os_demo/build/bsp_start.o
 .debug_str     0x00000562       0x71 /home/ycx/RISC-V-cpu/sw/programs/os_demo/build/bsp_trap_entry.o

.debug_line_str
                0x00000000      0x1ab
 .debug_line_str
                0x00000000      0x1ab /home/ycx/RISC-V-cpu/sw/programs/os_demo/build/app_main.o
                                0x13e (size before relaxing)
 .debug_line_str
                0x000001ab       0xfd /home/ycx/RISC-V-cpu/sw/programs/os_demo/build/app_sched.o
 .debug_line_str
                0x000001ab       0x5b /home/ycx/RISC-V-cpu/sw/programs/os_demo/build/app_switch.o
 .debug_line_str
                0x000001ab      0x12b /home/ycx/RISC-V-cpu/sw/programs/os_demo/build/bsp_trap.o
 .debug_line_str
                0x000001ab      0x117 /home/ycx/RISC-V-cpu/sw/programs/os_demo/build/bsp_uart.o
 .debug_line_str
                0x000001ab       0x51 /home/ycx/RISC-V-cpu/sw/programs/os_demo/build/bsp_start.o
 .debug_line_str
                0x000001ab       0x56 /home/ycx/RISC-V-cpu/sw/programs/os_demo/build/bsp_trap_entry.o

.debug_frame    0x00000000      0x2bc
 .debug_frame   0x00000000       0x8c /home/ycx/RISC-V-cpu/sw/programs/os_demo/build/app_main.o
 .debug_frame   0x0000008c       0x40 /home/ycx/RISC-V-cpu/sw/programs/os_demo/build/app_sched.o
 .debug_frame   0x000000cc      0x158 /home/ycx/RISC-V-cpu/sw/programs/os_demo/build/bsp_trap.o
 .debug_frame   0x00000224       0x98 /home/ycx/RISC-V-cpu/sw/programs/os_demo/build/bsp_uart.o
