
Discarded input sections

 .text          0x0000000000000000        0x0 /home/ycx/RISC-V-cpu/sw/programs/os_demo/build/app_main.o
 .data          0x0000000000000000        0x0 /home/ycx/RISC-V-cpu/sw/programs/os_demo/build/app_main.o
 .bss           0x0000000000000000        0x0 /home/ycx/RISC-V-cpu/sw/programs/os_demo/build/app_main.o
 .comment       0x0000000000000000       0x29 /home/ycx/RISC-V-cpu/sw/programs/os_demo/build/app_main.o
 .text          0x0000000000000000        0x0 /home/ycx/RISC-V-cpu/sw/programs/os_demo/build/app_sched.o
 .data          0x0000000000000000        0x0 /home/ycx/RISC-V-cpu/sw/programs/os_demo/build/app_sched.o
 .bss           0x0000000000000000        0x0 /home/ycx/RISC-V-cpu/sw/programs/os_demo/build/app_sched.o
 .comment       0x0000000000000000       0x29 /home/ycx/RISC-V-cpu/sw/programs/os_demo/build/app_sched.o
 .data          0x0000000000000000        0x0 /home/ycx/RISC-V-cpu/sw/programs/os_demo/build/app_switch.o
 .bss           0x0000000000000000        0x0 /home/ycx/RISC-V-cpu/sw/programs/os_demo/build/app_switch.o
 .text          0x0000000000000000        0x0 /home/ycx/RISC-V-cpu/sw/programs/os_demo/build/bsp_trap.o
 .data          0x0000000000000000        0x0 /home/ycx/RISC-V-cpu/sw/programs/os_demo/build/bsp_trap.o
 .bss           0x0000000000000000        0x0 /home/ycx/RISC-V-cpu/sw/programs/os_demo/build/bsp_trap.o
 .text.bsp_set_soft_handler
                0x0000000000000000        0xc /home/ycx/RISC-V-cpu/sw/programs/os_demo/build/bsp_trap.o
 .text.bsp_set_exception_handler
                0x0000000000000000       0x20 /home/ycx/RISC-V-cpu/sw/programs/os_demo/build/bsp_trap.o
 .text.bsp_set_irq_handler
                0x0000000000000000       0x20 /home/ycx/RISC-V-cpu/sw/programs/os_demo/build/bsp_trap.o
 .text.bsp_enable_external_interrupt
                0x0000000000000000       0x10 /home/ycx/RISC-V-cpu/sw/programs/os_demo/build/bsp_trap.o
 .text.bsp_enable_software_interrupt
                0x0000000000000000        0xc /home/ycx/RISC-V-cpu/sw/programs/os_demo/build/bsp_trap.o
 .comment       0x0000000000000000       0x29 /home/ycx/RISC-V-cpu/sw/programs/os_demo/build/bsp_trap.o
 .text          0x0000000000000000        0x0 /home/ycx/RISC-V-cpu/sw/programs/os_demo/build/bsp_uart.o
 .data          0x0000000000000000        0x0 /home/ycx/RISC-V-cpu/sw/programs/os_demo/build/bsp_uart.o
 .bss           0x0000000000000000        0x0 /home/ycx/RISC-V-cpu/sw/programs/os_demo/build/bsp_uart.o
 .text.uart_putc
                0x0000000000000000        0xc /home/ycx/RISC-V-cpu/sw/programs/os_demo/build/bsp_uart.o
 .text.uart_getc_nb
                0x0000000000000000       0x1c /home/ycx/RISC-V-cpu/sw/programs/os_demo/build/bsp_uart.o
 .comment       0x0000000000000000       0x29 /home/ycx/RISC-V-cpu/sw/programs/os_demo/build/bsp_uart.o
 .text          0x0000000000000000        0x0 /home/ycx/RISC-V-cpu/sw/programs/os_demo/build/bsp_start.o
 .data          0x0000000000000000        0x0 /home/ycx/RISC-V-cpu/sw/programs/os_demo/build/bsp_start.o
 .bss           0x0000000000000000        0x0 /home/ycx/RISC-V-cpu/sw/programs/os_demo/build/bsp_start.o
 .text          0x0000000000000000        0x0 /home/ycx/RISC-V-cpu/sw/programs/os_demo/build/bsp_trap_entry.o
 .data          0x0000000000000000        0x0 /home/ycx/RISC-V-cpu/sw/programs/os_demo/build/bsp_trap_entry.o
 .bss           0x0000000000000000        0x0 /home/ycx/RISC-V-cpu/sw/programs/os_demo/build/bsp_trap_entry.o

Memory Configuration

Name             Origin             Length             Attributes
rom              0x0000000000000000 0x0000000000010000 axrl !w
ram              0x0000000020000000 0x0000000000040000 aw !xrl
*default*        0x0000000000000000 0xffffffffffffffff

Linker script and memory map

LOAD /home/ycx/RISC-V-cpu/sw/programs/os_demo/build/app_main.o
LOAD /home/ycx/RISC-V-cpu/sw/programs/os_demo/build/app_sched.o
LOAD /home/ycx/RISC-V-cpu/sw/programs/os_demo/build/app_switch.o
LOAD /home/ycx/RISC-V-cpu/sw/programs/os_demo/build/bsp_trap.o
LOAD /home/ycx/RISC-V-cpu/sw/programs/os_demo/build/bsp_uart.o
LOAD /home/ycx/RISC-V-cpu/sw/programs/os_demo/build/bsp_start.o
LOAD /home/ycx/RISC-V-cpu/sw/programs/os_demo/build/bsp_trap_entry.o
                0x0000000000008000                PROVIDE (__stack_size = 0x8000)

.init           0x0000000000000000       0x68
 *(SORT_NONE(.init))
 .init          0x0000000000000000       0x68 /home/ycx/RISC-V-cpu/sw/programs/os_demo/build/bsp_start.o
                0x0000000000000000                _start

.text           0x0000000000000070      0x944
 *(.text.trap)
 .text.trap     0x0000000000000070      0x140 /home/ycx/RISC-V-cpu/sw/programs/os_demo/build/bsp_trap_entry.o
                0x0000000000000070                bsp_trap_entry
 *(.text .text.*)
 .text.task1    0x00000000000001b0       0x5c /home/ycx/RISC-V-cpu/sw/programs/os_demo/build/app_main.o
 .text.task0    0x000000000000020c       0x58 /home/ycx/RISC-V-cpu/sw/programs/os_demo/build/app_main.o
 .text.clint_schedule_relative.constprop.0
                0x0000000000000264       0x40 /home/ycx/RISC-V-cpu/sw/programs/os_demo/build/app_main.o
 .text.timer_tick
                0x00000000000002a4       0x14 /home/ycx/RISC-V-cpu/sw/programs/os_demo/build/app_main.o
 .text.startup.main
                0x00000000000002b8       0xac /home/ycx/RISC-V-cpu/sw/programs/os_demo/build/app_main.o
                0x00000000000002b8                main
 .text.sched_init
                0x0000000000000364       0x14 /home/ycx/RISC-V-cpu/sw/programs/os_demo/build/app_sched.o
                0x0000000000000364                sched_init
 .text.task_create
                0x0000000000000378       0x74 /home/ycx/RISC-V-cpu/sw/programs/os_demo/build/app_sched.o
                0x0000000000000378                task_create
 .text.task_yield
                0x00000000000003ec       0x48 /home/ycx/RISC-V-cpu/sw/programs/os_demo/build/app_sched.o
                0x00000000000003ec                task_yield
 .text          0x0000000000000434       0x74 /home/ycx/RISC-V-cpu/sw/programs/os_demo/build/app_switch.o
                0x0000000000000434                sched_switch
 .text.default_banner
                0x00000000000004a8       0x4c /home/ycx/RISC-V-cpu/sw/programs/os_demo/build/bsp_trap.o
 .text.default_exception
                0x00000000000004f4       0x14 /home/ycx/RISC-V-cpu/sw/programs/os_demo/build/bsp_trap.o
 .text.default_soft
                0x0000000000000508       0x1c /home/ycx/RISC-V-cpu/sw/programs/os_demo/build/bsp_trap.o
 .text.default_timer
                0x0000000000000524       0x24 /home/ycx/RISC-V-cpu/sw/programs/os_demo/build/bsp_trap.o
 .text.bsp_set_timer_handler
                0x0000000000000548        0x8 /home/ycx/RISC-V-cpu/sw/programs/os_demo/build/bsp_trap.o
                0x0000000000000548                bsp_set_timer_handler
 .text.bsp_irq_enable
                0x0000000000000550        0xc /home/ycx/RISC-V-cpu/sw/programs/os_demo/build/bsp_trap.o
                0x0000000000000550                bsp_irq_enable
 .text.bsp_irq_disable
                0x000000000000055c        0xc /home/ycx/RISC-V-cpu/sw/programs/os_demo/build/bsp_trap.o
                0x000000000000055c                bsp_irq_disable
 .text.bsp_enable_timer_interrupt
                0x0000000000000568        0xc /home/ycx/RISC-V-cpu/sw/programs/os_demo/build/bsp_trap.o
                0x0000000000000568                bsp_enable_timer_interrupt
 .text.bsp_trap_dispatch
                0x0000000000000574       0xfc /home/ycx/RISC-V-cpu/sw/programs/os_demo/build/bsp_trap.o
                0x0000000000000574                bsp_trap_dispatch
 .text.bsp_init
                0x0000000000000670       0x48 /home/ycx/RISC-V-cpu/sw/programs/os_demo/build/bsp_trap.o
                0x0000000000000670                bsp_init
 .text.put_uint
                0x00000000000006b8       0xa8 /home/ycx/RISC-V-cpu/sw/programs/os_demo/build/bsp_uart.o
 .text.uart_puts
                0x0000000000000760       0x1c /home/ycx/RISC-V-cpu/sw/programs/os_demo/build/bsp_uart.o
                0x0000000000000760                uart_puts
 .text.uart_printf
                0x000000000000077c      0x238 /home/ycx/RISC-V-cpu/sw/programs/os_demo/build/bsp_uart.o
                0x000000000000077c                uart_printf
                0x00000000000009b4                . = ALIGN (0x4)

.rodata         0x00000000000009b4      0x18c
 *(.rodata .rodata.*)
 .rodata.main.str1.4
                0x00000000000009b4       0x66 /home/ycx/RISC-V-cpu/sw/programs/os_demo/build/app_main.o
 *fill*         0x0000000000000a1a        0x2 
 .rodata.task0.str1.4
                0x0000000000000a1c       0x19 /home/ycx/RISC-V-cpu/sw/programs/os_demo/build/app_main.o
 *fill*         0x0000000000000a35        0x3 
 .rodata.task1.str1.4
                0x0000000000000a38       0x19 /home/ycx/RISC-V-cpu/sw/programs/os_demo/build/app_main.o
 *fill*         0x0000000000000a51        0x3 
 .rodata.bsp_trap_dispatch.str1.4
                0x0000000000000a54       0x38 /home/ycx/RISC-V-cpu/sw/programs/os_demo/build/bsp_trap.o
 .rodata.default_banner.str1.4
                0x0000000000000a8c       0x54 /home/ycx/RISC-V-cpu/sw/programs/os_demo/build/bsp_trap.o
 .rodata.default_exception.str1.4
                0x0000000000000ae0        0xa /home/ycx/RISC-V-cpu/sw/programs/os_demo/build/bsp_trap.o
 *fill*         0x0000000000000aea        0x2 
 .rodata.default_soft.str1.4
                0x0000000000000aec        0xe /home/ycx/RISC-V-cpu/sw/programs/os_demo/build/bsp_trap.o
 *fill*         0x0000000000000afa        0x2 
 .rodata.default_timer.str1.4
                0x0000000000000afc        0xe /home/ycx/RISC-V-cpu/sw/programs/os_demo/build/bsp_trap.o
 *fill*         0x0000000000000b0a        0x2 
 .rodata.digits_lower.1025
                0x0000000000000b0c       0x11 /home/ycx/RISC-V-cpu/sw/programs/os_demo/build/bsp_uart.o
 *fill*         0x0000000000000b1d        0x3 
 .rodata.digits_upper.1026
                0x0000000000000b20       0x11 /home/ycx/RISC-V-cpu/sw/programs/os_demo/build/bsp_uart.o
 *fill*         0x0000000000000b31        0x3 
 .rodata.uart_printf.str1.4
                0x0000000000000b34        0xc /home/ycx/RISC-V-cpu/sw/programs/os_demo/build/bsp_uart.o
                                          0xb (size before relaxing)
 *(.srodata .srodata.*)

.rela.dyn       0x0000000000000b40        0x0
 .rela.init     0x0000000000000b40        0x0 /home/ycx/RISC-V-cpu/sw/programs/os_demo/build/app_main.o
                0x0000000000000b40                . = ALIGN (0x4)
                [!provide]                        PROVIDE (__etext = .)
                [!provide]                        PROVIDE (_etext = .)

.preinit_array  0x0000000000000b40        0x0
                [!provide]                        PROVIDE (__preinit_array_start = .)
 *(.preinit_array)
                [!provide]                        PROVIDE (__preinit_array_end = .)

.init_array     0x0000000000000b40        0x0
                [!provide]                        PROVIDE (__init_array_start = .)
 *(SORT_BY_INIT_PRIORITY(.init_array.*) SORT_BY_INIT_PRIORITY(.ctors.*))
 *(.init_array .ctors)
                [!provide]                        PROVIDE (__init_array_end = .)

.fini_array     0x0000000000000b40        0x0
                [!provide]                        PROVIDE (__fini_array_start = .)
 *(SORT_BY_INIT_PRIORITY(.fini_array.*) SORT_BY_INIT_PRIORITY(.dtors.*))
 *(.fini_array .dtors)
                [!provide]                        PROVIDE (__fini_array_end = .)
                0x0000000000000b40                . = ALIGN (0x4)
                0x0000000000000b40                PROVIDE (_data_lma = LOADADDR (.data))

.data           0x0000000020000000        0x4 load address 0x0000000000000b40
                0x0000000020000000                PROVIDE (_data = .)
 *(.data .data.*)
 *(.sdata .sdata.*)
 .sdata.cur_task
                0x0000000020000000        0x4 /home/ycx/RISC-V-cpu/sw/programs/os_demo/build/app_sched.o
                0x0000000020000004                . = ALIGN (0x4)
                0x0000000020000804                PROVIDE (__global_pointer$ = (. + 0x800))
                0x0000000020000004                PROVIDE (_edata = .)
                [!provide]                        PROVIDE (edata = .)

.bss            0x0000000020000010     0x2150
                0x0000000020000010                PROVIDE (_fbss = .)
                [!provide]                        PROVIDE (__bss_start = .)
 *(.sbss .sbss.*)
 .sbss.task_done
                0x0000000020000010        0x2 /home/ycx/RISC-V-cpu/sw/programs/os_demo/build/app_main.o
 *fill*         0x0000000020000012        0x2 
 .sbss.timer_count
                0x0000000020000014        0x4 /home/ycx/RISC-V-cpu/sw/programs/os_demo/build/app_main.o
 .sbss.ntasks   0x0000000020000018        0x4 /home/ycx/RISC-V-cpu/sw/programs/os_demo/build/app_sched.o
 .sbss.soft_handler
                0x000000002000001c        0x4 /home/ycx/RISC-V-cpu/sw/programs/os_demo/build/bsp_trap.o
 .sbss.timer_handler
                0x0000000020000020        0x4 /home/ycx/RISC-V-cpu/sw/programs/os_demo/build/bsp_trap.o
 *(.bss .bss.*)
 *fill*         0x0000000020000024        0xc 
 .bss.stacks    0x0000000020000030     0x2000 /home/ycx/RISC-V-cpu/sw/programs/os_demo/build/app_sched.o
 .bss.tasks     0x0000000020002030       0xe0 /home/ycx/RISC-V-cpu/sw/programs/os_demo/build/app_sched.o
 .bss.exc_handlers
                0x0000000020002110       0x30 /home/ycx/RISC-V-cpu/sw/programs/os_demo/build/bsp_trap.o
 .bss.irq_handlers
                0x0000000020002140       0x20 /home/ycx/RISC-V-cpu/sw/programs/os_demo/build/bsp_trap.o
 *(COMMON)
                0x0000000020002160                . = ALIGN (0x4)
                0x0000000020002160                PROVIDE (_end = .)
                [!provide]                        PROVIDE (end = .)

.stack          0x0000000020038000     0x8000
                [!provide]                        PROVIDE (__stack_bottom = .)
                0x0000000020040000                . = (. + __stack_size)
 *fill*         0x0000000020038000     0x8000 
                0x0000000020040000                PROVIDE (__stack_top = .)
                [!provide]                        PROVIDE (__heap_start = _end)
                [!provide]                        PROVIDE (__heap_end = __stack_bottom)

/DISCARD/
 *(.note.*)
 *(.comment)
 *(.eh_frame)
OUTPUT(os_demo elf32-littleriscv)

.riscv.attributes
                0x0000000000000000       0x21
 .riscv.attributes
                0x0000000000000000       0x21 /home/ycx/RISC-V-cpu/sw/programs/os_demo/build/app_main.o
 .riscv.attributes
                0x0000000000000021       0x21 /home/ycx/RISC-V-cpu/sw/programs/os_demo/build/app_sched.o
 .riscv.attributes
                0x0000000000000042       0x1f /home/ycx/RISC-V-cpu/sw/programs/os_demo/build/app_switch.o
 .riscv.attributes
                0x0000000000000061       0x21 /home/ycx/RISC-V-cpu/sw/programs/os_demo/build/bsp_trap.o
 .riscv.attributes
                0x0000000000000082       0x21 /home/ycx/RISC-V-cpu/sw/programs/os_demo/build/bsp_uart.o
 .riscv.attributes
                0x00000000000000a3       0x1f /home/ycx/RISC-V-cpu/sw/programs/os_demo/build/bsp_start.o
 .riscv.attributes
                0x00000000000000c2       0x1f /home/ycx/RISC-V-cpu/sw/programs/os_demo/build/bsp_trap_entry.o

.debug_info     0x0000000000000000     0x16f0
 .debug_info    0x0000000000000000      0x59f /home/ycx/RISC-V-cpu/sw/programs/os_demo/build/app_main.o
 .debug_info    0x000000000000059f      0x293 /home/ycx/RISC-V-cpu/sw/programs/os_demo/build/app_sched.o
 .debug_info    0x0000000000000832       0x26 /home/ycx/RISC-V-cpu/sw/programs/os_demo/build/app_switch.o
 .debug_info    0x0000000000000858      0x88f /home/ycx/RISC-V-cpu/sw/programs/os_demo/build/bsp_trap.o
 .debug_info    0x00000000000010e7      0x5bd /home/ycx/RISC-V-cpu/sw/programs/os_demo/build/bsp_uart.o
 .debug_info    0x00000000000016a4       0x26 /home/ycx/RISC-V-cpu/sw/programs/os_demo/build/bsp_start.o
 .debug_info    0x00000000000016ca       0x26 /home/ycx/RISC-V-cpu/sw/programs/os_demo/build/bsp_trap_entry.o

.debug_abbrev   0x0000000000000000      0x8b5
 .debug_abbrev  0x0000000000000000      0x239 /home/ycx/RISC-V-cpu/sw/programs/os_demo/build/app_main.o
 .debug_abbrev  0x0000000000000239      0x15a /home/ycx/RISC-V-cpu/sw/programs/os_demo/build/app_sched.o
 .debug_abbrev  0x0000000000000393       0x14 /home/ycx/RISC-V-cpu/sw/programs/os_demo/build/app_switch.o
 .debug_abbrev  0x00000000000003a7      0x2a3 /home/ycx/RISC-V-cpu/sw/programs/os_demo/build/bsp_trap.o
 .debug_abbrev  0x000000000000064a      0x243 /home/ycx/RISC-V-cpu/sw/programs/os_demo/build/bsp_uart.o
 .debug_abbrev  0x000000000000088d       0x14 /home/ycx/RISC-V-cpu/sw/programs/os_demo/build/bsp_start.o
 .debug_abbrev  0x00000000000008a1       0x14 /home/ycx/RISC-V-cpu/sw/programs/os_demo/build/bsp_trap_entry.o

.debug_loc      0x0000000000000000      0xc7c
 .debug_loc     0x0000000000000000      0x1a6 /home/ycx/RISC-V-cpu/sw/programs/os_demo/build/app_main.o
 .debug_loc     0x00000000000001a6       0xa6 /home/ycx/RISC-V-cpu/sw/programs/os_demo/build/app_sched.o
 .debug_loc     0x000000000000024c      0x50b /home/ycx/RISC-V-cpu/sw/programs/os_demo/build/bsp_trap.o
 .debug_loc     0x0000000000000757      0x525 /home/ycx/RISC-V-cpu/sw/programs/os_demo/build/bsp_uart.o

.debug_aranges  0x0000000000000000      0x1a0
 .debug_aranges
                0x0000000000000000       0x40 /home/ycx/RISC-V-cpu/sw/programs/os_demo/build/app_main.o
 .debug_aranges
                0x0000000000000040       0x30 /home/ycx/RISC-V-cpu/sw/programs/os_demo/build/app_sched.o
 .debug_aranges
                0x0000000000000070       0x20 /home/ycx/RISC-V-cpu/sw/programs/os_demo/build/app_switch.o
 .debug_aranges
                0x0000000000000090       0x90 /home/ycx/RISC-V-cpu/sw/programs/os_demo/build/bsp_trap.o
 .debug_aranges
                0x0000000000000120       0x40 /home/ycx/RISC-V-cpu/sw/programs/os_demo/build/bsp_uart.o
 .debug_aranges
                0x0000000000000160       0x20 /home/ycx/RISC-V-cpu/sw/programs/os_demo/build/bsp_start.o
 .debug_aranges
                0x0000000000000180       0x20 /home/ycx/RISC-V-cpu/sw/programs/os_demo/build/bsp_trap_entry.o

.debug_ranges   0x0000000000000000      0x368
 .debug_ranges  0x0000000000000000       0xa8 /home/ycx/RISC-V-cpu/sw/programs/os_demo/build/app_main.o
 .debug_ranges  0x00000000000000a8       0x38 /home/ycx/RISC-V-cpu/sw/programs/os_demo/build/app_sched.o
 .debug_ranges  0x00000000000000e0      0x160 /home/ycx/RISC-V-cpu/sw/programs/os_demo/build/bsp_trap.o
 .debug_ranges  0x0000000000000240      0x128 /home/ycx/RISC-V-cpu/sw/programs/os_demo/build/bsp_uart.o

.debug_line     0x0000000000000000     0x1a71
 .debug_line    0x0000000000000000      0x4f9 /home/ycx/RISC-V-cpu/sw/programs/os_demo/build/app_main.o
 .debug_line    0x00000000000004f9      0x2b1 /home/ycx/RISC-V-cpu/sw/programs/os_demo/build/app_sched.o
 .debug_line    0x00000000000007aa      0x10a /home/ycx/RISC-V-cpu/sw/programs/os_demo/build/app_switch.o
 .debug_line    0x00000000000008b4      0x79b /home/ycx/RISC-V-cpu/sw/programs/os_demo/build/bsp_trap.o
 .debug_line    0x000000000000104f      0x727 /home/ycx/RISC-V-cpu/sw/programs/os_demo/build/bsp_uart.o
 .debug_line    0x0000000000001776       0xc4 /home/ycx/RISC-V-cpu/sw/programs/os_demo/build/bsp_start.o
 .debug_line    0x000000000000183a      0x237 /home/ycx/RISC-V-cpu/sw/programs/os_demo/build/bsp_trap_entry.o

.debug_str      0x0000000000000000      0x5dd
 .debug_str     0x0000000000000000      0x2ae /home/ycx/RISC-V-cpu/sw/programs/os_demo/build/app_main.o
                                        0x2e2 (size before relaxing)
 .debug_str     0x00000000000002ae       0x6f /home/ycx/RISC-V-cpu/sw/programs/os_demo/build/app_sched.o
                                        0x1ea (size before relaxing)
 .debug_str     0x000000000000031d       0x3e /home/ycx/RISC-V-cpu/sw/programs/os_demo/build/app_switch.o
                                         0x67 (size before relaxing)
 .debug_str     0x000000000000035b      0x179 /home/ycx/RISC-V-cpu/sw/programs/os_demo/build/bsp_trap.o
                                        0x3a0 (size before relaxing)
 .debug_str     0x00000000000004d4       0xb4 /home/ycx/RISC-V-cpu/sw/programs/os_demo/build/bsp_uart.o
                                        0x25d (size before relaxing)
 .debug_str     0x0000000000000588       0x28 /home/ycx/RISC-V-cpu/sw/programs/os_demo/build/bsp_start.o
                                         0x5d (size before relaxing)
 .debug_str     0x00000000000005b0       0x2d /home/ycx/RISC-V-cpu/sw/programs/os_demo/build/bsp_trap_entry.o
                                         0x62 (size before relaxing)

.debug_frame    0x0000000000000000      0x2a8
 .debug_frame   0x0000000000000000       0x88 /home/ycx/RISC-V-cpu/sw/programs/os_demo/build/app_main.o
 .debug_frame   0x0000000000000088       0x40 /home/ycx/RISC-V-cpu/sw/programs/os_demo/build/app_sched.o
 .debug_frame   0x00000000000000c8      0x14c /home/ycx/RISC-V-cpu/sw/programs/os_demo/build/bsp_trap.o
 .debug_frame   0x0000000000000214       0x94 /home/ycx/RISC-V-cpu/sw/programs/os_demo/build/bsp_uart.o
